<html>
<body>
<pre>
<h1>µVision Build Log</h1>
<h2>Tool Versions:</h2>
IDE-Version: £gVision V5.16a
Copyright (C) 2015 ARM Ltd and ARM Germany GmbH. All rights reserved.
License Information: PC Hsieh, Tytt, LIC=R4HY8-326PD-JPRZQ-NFAGX-TJ5C6-2T6QC
 
Tool Versions:
Toolchain:       MDK-ARM Professional  Version: 5.16a
Toolchain Path:  C:\Keil_v5\ARM\ARMCC\Bin
C Compiler:      Armcc.exe V5.06 (build 20)
Assembler:       Armasm.exe V5.06 (build 20)
Linker/Locator:  ArmLink.exe V5.06 (build 20)
Library Manager: ArmAr.exe V5.06 (build 20)
Hex Converter:   FromElf.exe V5.06 (build 20)
CPU DLL:         SARMCM3.DLL V5.16a
Dialog DLL:      DARMCM1.DLL V1.12.0.0
Target DLL:      Segger\JL2CM3.dll V2.99.15.2
Dialog DLL:      TARMCM1.DLL V1.9.0.0
 
<h2>Project:</h2>
C:\Keil_v4\ARM\Device\Nordic\nrf51822\Board\nrf6310\s110\ble_app_hids_keyboard\arm\ble_app_hids_keyboard_serialization.uvprojx
Project File Date:  11/03/2015

<h2>Output:</h2>
*** Using Compiler 'V5.06 (build 20)', folder: 'C:\Keil_v5\ARM\ARMCC\Bin'
Rebuild target 'nrf51822_xxab_s110_spi (128K)'
Clean started - Project: 'ble_app_hids_keyboard_serialization'
   deleting intermediate output files for target 'nrf51822_xxab_s110_spi (128K)'
compiling main.c...
compiling ble_bas.c...
compiling ble_dis.c...
compiling ble_hids.c...
compiling ble_advdata.c...
compiling app_timer.c...
compiling app_button.c...
compiling softdevice_handler.c...
compiling ble_sensorsim.c...
compiling ble_debug_assert_handler.c...
compiling app_trace.c...
compiling device_manager_peripheral.c...
compiling simple_uart.c...
compiling ble_conn_params.c...
compiling crc16.c...
compiling ble_error_log.c...
compiling ble_srv_common.c...
compiling app_util_platform.c...
compiling ble_enable.c...
compiling ble_event.c...
compiling ble_evt_tx_complete.c...
compiling ble_gap_address_get.c...
compiling ble_gap_address_set.c...
compiling ble_gap_adv_data_set.c...
compiling ble_gap_adv_start.c...
compiling ble_gap_adv_stop.c...
compiling ble_gap_appearance_get.c...
compiling ble_gap_appearance_set.c...
compiling ble_gap_auth_key_reply.c...
compiling ble_gap_authenticate.c...
compiling ble_gap_conn_param_update.c...
compiling ble_gap_conn_sec_get.c...
compiling ble_gap_device_name_get.c...
compiling ble_gap_device_name_set.c...
compiling ble_gap_disconnect.c...
compiling ble_gap_evt_auth_key_request.c...
compiling ble_gap_evt_auth_status.c...
compiling ble_gap_evt_conn_param_update.c...
compiling ble_gap_evt_conn_sec_update.c...
compiling ble_gap_evt_connected.c...
compiling ble_gap_evt_disconnected.c...
compiling ble_gap_evt_passkey_display.c...
compiling ble_gap_evt_rssi_changed.c...
compiling ble_gap_evt_sec_info_request.c...
compiling ble_gap_evt_sec_params_request.c...
compiling ble_gap_evt_timeout.c...
compiling ble_gap_ppcp_get.c...
compiling ble_gap_ppcp_set.c...
compiling ble_gap_rssi_start.c...
compiling ble_gap_rssi_stop.c...
compiling ble_gap_sec_info_reply.c...
compiling ble_gap_sec_params_reply.c...
compiling ble_gap_tx_power_set.c...
compiling ble_gattc_char_value_by_uuid_read.c...
compiling ble_gattc_char_values_read.c...
compiling ble_gattc_characteristics_discover.c...
compiling ble_gattc_descriptors_discover.c...
compiling ble_gattc_evt_char_disc_rsp.c...
compiling ble_gattc_evt_char_val_by_uuid_read_rsp.c...
compiling ble_gattc_evt_char_vals_read_rsp.c...
compiling ble_gattc_evt_desc_disc_rsp.c...
compiling ble_gattc_evt_hvx.c...
compiling ble_gattc_evt_prim_srvc_disc_rsp.c...
compiling ble_gattc_evt_read_rsp.c...
compiling ble_gattc_evt_rel_disc_rsp.c...
compiling ble_gattc_evt_timeout.c...
compiling ble_gattc_evt_write_rsp.c...
compiling ble_gattc_hv_confirm.c...
compiling ble_gattc_primary_services_discover.c...
compiling ble_gattc_read.c...
compiling ble_gattc_relationships_discover.c...
compiling ble_gattc_write.c...
compiling ble_gatts_characteristic_add.c...
compiling ble_gatts_descriptor_add.c...
compiling ble_gatts_evt_hvc.c...
compiling ble_gatts_evt_rw_authorize_request.c...
compiling ble_gatts_evt_sc_confirm.c...
compiling ble_gatts_evt_sys_attr_missing.c...
compiling ble_gatts_evt_timeout.c...
compiling ble_gatts_evt_write.c...
compiling ble_gatts_hvx.c...
compiling ble_gatts_include_add.c...
compiling ble_gatts_rw_authorize_reply.c...
compiling ble_gatts_service_add.c...
compiling ble_gatts_service_changed.c...
compiling ble_gatts_sys_attr_get.c...
compiling ble_gatts_sys_attr_set.c...
compiling ble_gatts_value_get.c...
compiling ble_gatts_value_set.c...
compiling ble_l2cap_cid_register.c...
compiling ble_l2cap_cid_unregister.c...
compiling ble_l2cap_evt_rx.c...
compiling ble_l2cap_tx.c...
compiling ble_opt_get.c...
compiling ble_opt_set.c...
compiling ble_tx_buffer_count_get.c...
compiling ble_uuid_decode.c...
compiling ble_uuid_encode.c...
compiling ble_uuid_vs_add.c...
compiling ble_version_get.c...
compiling power_system_off.c...
compiling temp_get.c...
compiling ble_gap_struct_serialization.c...
compiling ble_gattc_struct_serialization.c...
compiling ble_gatts_struct_serialization.c...
compiling ble_struct_serialization.c...
compiling ble_serialization.c...
compiling cond_field_serialization.c...
compiling app_mw_ble.c...
compiling app_mw_ble_gap.c...
compiling app_mw_ble_gattc.c...
compiling app_mw_ble_gatts.c...
compiling app_mw_ble_l2cap.c...
compiling app_mw_nrf_soc.c...
compiling ser_softdevice_handler.c...
compiling ser_sd_transport.c...
compiling ser_hal_transport.c...
compiling app_mailbox.c...
compiling nrf_delay.c...
compiling ble_flash.c...
compiling ser_app_hal_nrf51.c...
compiling pstorage.c...
compiling app_gpiote_fast_detect.c...
compiling ser_app_power_system_off.c...
compiling app_scheduler.c...
compiling ser_phy_nrf51_spi_master.c...
compiling spi_master.c...
assembling arm_startup_nrf51.s...
compiling system_nrf51.c...
linking...
Program Size: Code=47364 RO-data=1112 RW-data=552 ZI-data=6688  
".\_build_serialization\ble_app_hids_keyboard_serialization.axf" - 0 Error(s), 0 Warning(s).

*** Performing Cross-Module-Optimization:
compiling main.c...
compiling ble_hids.c...
compiling app_timer.c...
compiling app_button.c...
compiling softdevice_handler.c...
compiling ble_debug_assert_handler.c...
compiling app_trace.c...
compiling device_manager_peripheral.c...
compiling simple_uart.c...
compiling ble_conn_params.c...
compiling crc16.c...
compiling ble_error_log.c...
compiling app_util_platform.c...
compiling ble_gap_adv_stop.c...
compiling ble_gap_auth_key_reply.c...
compiling ble_gap_authenticate.c...
compiling ble_gap_conn_sec_get.c...
compiling ble_gap_rssi_start.c...
compiling ble_gap_rssi_stop.c...
compiling ble_gap_tx_power_set.c...
compiling ble_gattc_char_value_by_uuid_read.c...
compiling ble_gattc_char_values_read.c...
compiling ble_gattc_characteristics_discover.c...
compiling ble_gattc_descriptors_discover.c...
compiling ble_gattc_hv_confirm.c...
compiling ble_gattc_primary_services_discover.c...
compiling ble_gattc_read.c...
compiling ble_gattc_relationships_discover.c...
compiling ble_gattc_write.c...
compiling ble_gatts_rw_authorize_reply.c...
compiling ble_gatts_service_changed.c...
compiling ble_l2cap_cid_register.c...
compiling ble_l2cap_cid_unregister.c...
compiling ble_l2cap_tx.c...
compiling ble_opt_get.c...
compiling ble_opt_set.c...
compiling ble_tx_buffer_count_get.c...
compiling ble_uuid_decode.c...
compiling ble_uuid_vs_add.c...
compiling ble_version_get.c...
compiling power_system_off.c...
compiling temp_get.c...
compiling ble_gap_struct_serialization.c...
compiling ble_gattc_struct_serialization.c...
compiling ble_gatts_struct_serialization.c...
compiling ble_struct_serialization.c...
compiling ble_serialization.c...
compiling app_mw_ble.c...
compiling app_mw_ble_gap.c...
compiling app_mw_ble_gattc.c...
compiling app_mw_ble_gatts.c...
compiling app_mw_ble_l2cap.c...
compiling app_mw_nrf_soc.c...
compiling ser_softdevice_handler.c...
compiling ser_sd_transport.c...
compiling ser_hal_transport.c...
compiling app_mailbox.c...
compiling nrf_delay.c...
compiling ble_flash.c...
compiling ser_app_hal_nrf51.c...
compiling pstorage.c...
compiling app_gpiote_fast_detect.c...
compiling ser_app_power_system_off.c...
compiling app_scheduler.c...
compiling ser_phy_nrf51_spi_master.c...
compiling spi_master.c...
compiling system_nrf51.c...
linking...
Program Size: Code=37696 RO-data=1112 RW-data=548 ZI-data=6692  
compiling main.c...
compiling ble_hids.c...
compiling app_timer.c...
compiling app_button.c...
compiling softdevice_handler.c...
compiling ble_debug_assert_handler.c...
compiling app_trace.c...
compiling device_manager_peripheral.c...
compiling simple_uart.c...
compiling ble_conn_params.c...
compiling crc16.c...
compiling ble_error_log.c...
compiling app_util_platform.c...
compiling ble_gap_adv_stop.c...
compiling ble_gap_auth_key_reply.c...
compiling ble_gap_authenticate.c...
compiling ble_gap_conn_sec_get.c...
compiling ble_gap_rssi_start.c...
compiling ble_gap_rssi_stop.c...
compiling ble_gap_tx_power_set.c...
compiling ble_gattc_char_value_by_uuid_read.c...
compiling ble_gattc_char_values_read.c...
compiling ble_gattc_characteristics_discover.c...
compiling ble_gattc_descriptors_discover.c...
compiling ble_gattc_hv_confirm.c...
compiling ble_gattc_primary_services_discover.c...
compiling ble_gattc_read.c...
compiling ble_gattc_relationships_discover.c...
compiling ble_gattc_write.c...
compiling ble_gatts_rw_authorize_reply.c...
compiling ble_gatts_service_changed.c...
compiling ble_l2cap_cid_register.c...
compiling ble_l2cap_cid_unregister.c...
compiling ble_l2cap_tx.c...
compiling ble_opt_get.c...
compiling ble_opt_set.c...
compiling ble_tx_buffer_count_get.c...
compiling ble_uuid_decode.c...
compiling ble_uuid_vs_add.c...
compiling ble_version_get.c...
compiling power_system_off.c...
compiling temp_get.c...
compiling ble_gap_struct_serialization.c...
compiling ble_gattc_struct_serialization.c...
compiling ble_gatts_struct_serialization.c...
compiling ble_struct_serialization.c...
compiling ble_serialization.c...
compiling app_mw_ble.c...
compiling app_mw_ble_gap.c...
compiling app_mw_ble_gattc.c...
compiling app_mw_ble_gatts.c...
compiling app_mw_ble_l2cap.c...
compiling app_mw_nrf_soc.c...
compiling ser_softdevice_handler.c...
compiling ser_sd_transport.c...
compiling ser_hal_transport.c...
compiling app_mailbox.c...
compiling nrf_delay.c...
compiling ble_flash.c...
compiling ser_app_hal_nrf51.c...
compiling pstorage.c...
compiling app_gpiote_fast_detect.c...
compiling ser_app_power_system_off.c...
compiling app_scheduler.c...
compiling ser_phy_nrf51_spi_master.c...
compiling spi_master.c...
compiling system_nrf51.c...
linking...
Program Size: Code=37696 RO-data=1112 RW-data=548 ZI-data=6692  
FromELF: creating hex file...
".\_build_serialization\ble_app_hids_keyboard_serialization.axf" - 0 Error(s), 0 Warning(s).
*** Completed Cross-Module-Optimization after 3 iteration(s).

<h2>Software Packages used:</h2>

Package Vendor: ARM
                http://www.keil.com/pack/ARM.CMSIS.4.4.0.pack
                ARM::CMSIS:CORE:4.2.0
                CMSIS (Cortex Microcontroller Software Interface Standard)
   * Component: CORE Version: 4.2.0

Package Vendor: NordicSemiconductor
                http://developer.nordicsemi.com/nRF51_SDK/pieces/nRF_DeviceFamilyPack/NordicSemiconductor.nRF_DeviceFamilyPack.8.0.3.pack
                NordicSemiconductor::Device:Startup:8.0.3
                Nordic Semiconductor nRF ARM devices Device Family Pack.
   * Component: Startup Version: 8.0.3

<h2>Collection of Component include folders:</h2>
  C:\Keil_v4\ARM\Device\Nordic\nrf51822\Board\nrf6310\s110\ble_app_hids_keyboard\arm\RTE
  C:\Keil_v5\ARM\PACK\ARM\CMSIS\4.4.0\CMSIS\Include
  C:\Keil_v5\ARM\PACK\NordicSemiconductor\nRF_DeviceFamilyPack\8.0.3\Device\Include

<h2>Collection of Component Files used:</h2>

   * Component: ARM::CMSIS:CORE:4.2.0

   * Component: NordicSemiconductor::Device:Startup:8.0.3
      Source file:   Device\Source\arm\arm_startup_nrf51.s
      Source file:   Device\Source\system_nrf51.c
      Include file:  Device\Include\system_nrf51.h
Build Time Elapsed:  00:00:46
</pre>
</body>
</html>
