Component: ARM Compiler 5.06 (build 20) Tool: armlink [4d35a3]

==============================================================================

Section Cross References

    main.o(.text) refers to ble_sensorsim.o(.text) for ble_sensorsim_measure
    main.o(.text) refers to ble_bas.o(.text) for ble_bas_battery_level_update
    main.o(.text) refers to app_mw_ble_gap.o(.text) for sd_ble_gap_address_get
    main.o(.text) refers to memseta.o(.text) for __aeabi_memclr4
    main.o(.text) refers to ble_advdata.o(.text) for ble_advdata_set
    main.o(.text) refers to memcpya.o(.text) for __aeabi_memcpy
    main.o(.text) refers to app_button.o(.text) for app_button_is_pushed
    main.o(.text) refers to ble_hids.o(.text) for ble_hids_boot_kb_inp_rep_send
    main.o(.text) refers to device_manager_peripheral.o(.text) for dm_service_context_set
    main.o(.text) refers to pstorage.o(.text) for pstorage_access_status_get
    main.o(.text) refers to main.o(i.__ARM_common_switch8) for __ARM_common_switch8
    main.o(.text) refers to main.o(.bss) for .bss
    main.o(.text) refers to main.o(.data) for .data
    main.o(.text) refers to main.o(.constdata) for .constdata
    main.o(.text) refers to app_mw_nrf_soc.o(.text) for sd_power_system_off
    main.o(.text) refers to ble_conn_params.o(.text) for ble_conn_params_on_ble_evt
    main.o(.text) refers to app_timer.o(.text) for PC_APP_TIMER_INIT
    main.o(.text) refers to app_gpiote_fast_detect.o(.text) for app_gpiote_init
    main.o(.text) refers to app_scheduler.o(.text) for app_sched_init
    main.o(.text) refers to ser_softdevice_handler.o(.text) for sd_app_evt_wait
    main.o(.text) refers to ble_srv_common.o(.text) for ble_srv_ascii_to_utf8
    main.o(.text) refers to ble_dis.o(.text) for ble_dis_init
    main.o(.text) refers to softdevice_handler.o(.text) for softdevice_handler_init
    main.o(.text) refers to app_mw_ble.o(.text) for sd_ble_enable
    main.o(.data) refers to main.o(.text) for button_event_handler
    ble_bas.o(.text) refers to memseta.o(.text) for __aeabi_memclr4
    ble_bas.o(.text) refers to app_mw_ble_gatts.o(.text) for sd_ble_gatts_characteristic_add
    ble_bas.o(.text) refers to ble_srv_common.o(.text) for ble_srv_report_ref_encode
    ble_dis.o(.text) refers to main.o(.text) for app_error_handler
    ble_dis.o(.text) refers to memseta.o(.text) for __aeabi_memclr4
    ble_dis.o(.text) refers to app_mw_ble_gatts.o(.text) for sd_ble_gatts_characteristic_add
    ble_dis.o(.text) refers to ble_dis.o(.data) for .data
    ble_hids.o(.text) refers to app_mw_ble_gatts.o(.text) for sd_ble_gatts_value_set
    ble_hids.o(.text) refers to memseta.o(.text) for __aeabi_memclr4
    ble_hids.o(.text) refers to ble_srv_common.o(.text) for ble_srv_report_ref_encode
    ble_hids.o(.text) refers to app_mw_ble.o(.text) for sd_ble_uuid_encode
    ble_hids.o(.text) refers to memcpya.o(.text) for __aeabi_memcpy
    ble_hids.o(.text) refers to app_mw_ble_gatts.o(.text) for sd_ble_gatts_hvx
    ble_advdata.o(.text) refers to app_mw_ble.o(.text) for sd_ble_uuid_encode
    ble_advdata.o(.text) refers to app_mw_ble_gap.o(.text) for sd_ble_gap_appearance_get
    ble_advdata.o(.text) refers to memcpya.o(.text) for __aeabi_memcpy
    app_timer.o(.text) refers to app_timer.o(.emb_text) for __asm___11_app_timer_c_cd27f9c3__nrf_delay_us
    app_timer.o(.text) refers to main.o(.text) for app_error_handler
    app_timer.o(.text) refers to app_timer.o(.data) for .data
    app_timer.o(.text) refers to malloc.o(i.malloc) for malloc
    app_timer.o(.text) refers to malloc.o(i.free) for free
    app_timer.o(.text) refers to app_scheduler.o(.text) for app_sched_event_put
    app_timer.o(.text) refers to app_timer.o(.text) for user_id_get
    app_timer.o(.text) refers to app_timer.o(.data) for .data
    app_button.o(.text) refers to main.o(.text) for app_error_handler
    app_button.o(.text) refers to app_gpiote_fast_detect.o(.text) for app_gpiote_pins_state_get
    app_button.o(.text) refers to app_timer.o(.text) for app_timer_stop
    app_button.o(.text) refers to app_button.o(.data) for .data
    softdevice_handler.o(.text) refers to main.o(.text) for assert_nrf_callback
    softdevice_handler.o(.text) refers to ser_softdevice_handler.o(.text) for sd_evt_get
    softdevice_handler.o(.text) refers to softdevice_handler.o(.data) for .data
    softdevice_handler.o(.text) refers to ser_softdevice_handler.o(.text) for sd_softdevice_disable
    softdevice_handler.o(.text) refers to softdevice_handler.o(.data) for .data
    ble_debug_assert_handler.o(.text) refers to strncpy.o(.text) for strncpy
    ble_debug_assert_handler.o(.text) refers to ble_debug_assert_handler.o(.bss) for .bss
    ble_debug_assert_handler.o(.text) refers to ble_debug_assert_handler.o(.data) for .data
    device_manager_peripheral.o(.text) refers to memseta.o(.text) for __aeabi_memclr
    device_manager_peripheral.o(.text) refers to memcmp.o(.text) for memcmp
[...]
    gap_address_get_rsp_dec                  0x000070e1   Thumb Code    36  app_mw_ble_gap.o(.text)
    gap_address_set_rsp_dec                  0x00007147   Thumb Code    30  app_mw_ble_gap.o(.text)
    tx_buf_alloc                             0x000071a5   Thumb Code    30  app_mw_ble_gap.o(.text)
    .text                                    0x000071dc   Section        0  app_mw_ble_gatts.o(.text)
    gatts_sys_attr_set_rsp_dec               0x000071dd   Thumb Code    24  app_mw_ble_gatts.o(.text)
    gatts_hvx_rsp_dec                        0x00007239   Thumb Code    26  app_mw_ble_gatts.o(.text)
    gatts_service_add_rsp_dec                0x0000729f   Thumb Code    28  app_mw_ble_gatts.o(.text)
    gatts_include_add_rsp_dec                0x00007303   Thumb Code    32  app_mw_ble_gatts.o(.text)
    gatts_characteristic_add_rsp_dec         0x0000736d   Thumb Code    28  app_mw_ble_gatts.o(.text)
    gatts_descriptor_add_rsp_dec             0x000073dd   Thumb Code    34  app_mw_ble_gatts.o(.text)
    gatts_value_get_rsp_dec                  0x00007449   Thumb Code    32  app_mw_ble_gatts.o(.text)
    gatts_value_set_rsp_dec                  0x000074bd   Thumb Code    30  app_mw_ble_gatts.o(.text)
    gatts_sys_attr_get_rsp_dec               0x0000752b   Thumb Code    32  app_mw_ble_gatts.o(.text)
    tx_buf_alloc                             0x00007597   Thumb Code    30  app_mw_ble_gatts.o(.text)
    .text                                    0x000075e4   Section        0  app_mw_nrf_soc.o(.text)
    tx_buf_alloc                             0x0000761f   Thumb Code    30  app_mw_nrf_soc.o(.text)
    .text                                    0x00007640   Section        0  ser_softdevice_handler.o(.text)
    ser_softdevice_evt_handler               0x00007641   Thumb Code    80  ser_softdevice_handler.o(.text)
    ser_sd_rsp_wait                          0x00007691   Thumb Code    16  ser_softdevice_handler.o(.text)
    .text                                    0x00007740   Section        0  ser_sd_transport.o(.text)
    ser_sd_transport_hal_handler             0x0000774b   Thumb Code    56  ser_sd_transport.o(.text)
    ser_sd_transport_rx_packet_handler       0x000077fb   Thumb Code   100  ser_sd_transport.o(.text)
    .text                                    0x0000786c   Section        0  ser_hal_transport.o(.text)
    phy_events_handler                       0x00007899   Thumb Code   370  ser_hal_transport.o(.text)
    .text                                    0x00007b3c   Section        0  app_mailbox.o(.text)
    .text                                    0x00007c18   Section        0  nrf_delay.o(.text)
    .text                                    0x00007c34   Section        0  ble_flash.o(.text)
    flash_page_erase                         0x00007c35   Thumb Code    34  ble_flash.o(.text)
    flash_word_write                         0x00007c57   Thumb Code    54  ble_flash.o(.text)
    .text                                    0x00007cd4   Section        0  ser_app_hal_nrf51.o(.text)
    NVIC_SetPriority                         0x00007cd5   Thumb Code    60  ser_app_hal_nrf51.o(.text)
    .text                                    0x00007dfc   Section        0  pstorage.o(.text)
    is_word_aligned                          0x00008263   Thumb Code    12  pstorage.o(.text)
    app_notify                               0x0000826f   Thumb Code    24  pstorage.o(.text)
    .text                                    0x0000828c   Section        0  app_gpiote_fast_detect.o(.text)
    NVIC_SetPriority                         0x0000828d   Thumb Code    60  app_gpiote_fast_detect.o(.text)
    sense_level_toggle                       0x000082c9   Thumb Code    64  app_gpiote_fast_detect.o(.text)
    pins_sense_disable                       0x00008433   Thumb Code    52  app_gpiote_fast_detect.o(.text)
    .text                                    0x00008670   Section        0  ser_app_power_system_off.o(.text)
    .text                                    0x00008690   Section        0  app_scheduler.o(.text)
    app_sched_event_get                      0x00008755   Thumb Code    62  app_scheduler.o(.text)
    .text                                    0x0000879c   Section        0  ser_phy_nrf51_spi_master.o(.text)
    frame_get                                0x0000879d   Thumb Code    42  ser_phy_nrf51_spi_master.o(.text)
    frame_send                               0x000087c7   Thumb Code    44  ser_phy_nrf51_spi_master.o(.text)
    ser_phy_switch_state                     0x000087f3   Thumb Code   464  ser_phy_nrf51_spi_master.o(.text)
    ser_phy_spi_master_event_handler         0x00008a65   Thumb Code    28  ser_phy_nrf51_spi_master.o(.text)
    nrf_gpio_pin_read                        0x00008bf1   Thumb Code    12  ser_phy_nrf51_spi_master.o(.text)
    spi_master_raw_assert                    0x00008bfd   Thumb Code    16  ser_phy_nrf51_spi_master.o(.text)
    compute_current_packet_length            0x00008c0d   Thumb Code    12  ser_phy_nrf51_spi_master.o(.text)
    header_send                              0x00008c19   Thumb Code    24  ser_phy_nrf51_spi_master.o(.text)
    header_get                               0x00008c31   Thumb Code    20  ser_phy_nrf51_spi_master.o(.text)
    .text                                    0x00008c54   Section        0  spi_master.o(.text)
    spi_master_signal_evt                    0x00008c55   Thumb Code    44  spi_master.o(.text)
    spi_master_buffer_release                0x00008c81   Thumb Code    38  spi_master.o(.text)
    spi_master_init_hw_instance              0x00008cc9   Thumb Code    60  spi_master.o(.text)
    spi_master_buffer_init                   0x00008d05   Thumb Code    74  spi_master.o(.text)
    spi_master_send_recv_irq                 0x00008f4b   Thumb Code   180  spi_master.o(.text)
    spi_master_get_instance                  0x00008fff   Thumb Code    12  spi_master.o(.text)
    spi_master_send_initial_bytes            0x0000900b   Thumb Code   226  spi_master.o(.text)
    .text                                    0x000090ec   Section       56  arm_startup_nrf51.o(.text)
    .text                                    0x00009124   Section        0  system_nrf51.o(.text)
    is_manual_peripheral_setup_needed        0x00009165   Thumb Code    66  system_nrf51.o(.text)
    .text                                    0x000091bc   Section        0  uidiv.o(.text)
    .text                                    0x000091e8   Section        0  memcpya.o(.text)
    .text                                    0x0000920c   Section        0  memseta.o(.text)
    .text                                    0x00009230   Section        0  strlen.o(.text)
    .text                                    0x0000923e   Section        0  memcmp.o(.text)
    .text                                    0x00009258   Section        0  uread4.o(.text)
    .text                                    0x0000926c   Section       36  init.o(.text)
    .text                                    0x00009290   Section        0  __dczerorl2.o(.text)
    i.__ARM_common_switch8                   0x000092e6   Section        0  main.o(i.__ARM_common_switch8)
    i.__scatterload_copy                     0x00009300   Section       14  handlers.o(i.__scatterload_copy)
    i.__scatterload_null                     0x0000930e   Section        2  handlers.o(i.__scatterload_null)
    i.__scatterload_zeroinit                 0x00009310   Section       14  handlers.o(i.__scatterload_zeroinit)
    i.free                                   0x00009320   Section        0  malloc.o(i.free)
    i.malloc                                 0x00009374   Section        0  malloc.o(i.malloc)
    i.spi_master_evt_handler_reg             0x000093e0   Section        0  spi_master.o(i.spi_master_evt_handler_reg)
    .constdata                               0x00009400   Section        4  main.o(.constdata)
    .constdata                               0x00009404   Section       48  device_manager_peripheral.o(.constdata)
    .constdata                               0x00009434   Section       12  ser_softdevice_handler.o(.constdata)
    .constdata                               0x00009440   Section       28  ser_phy_nrf51_spi_master.o(.constdata)
    .constdata                               0x0000945c   Section        4  spi_master.o(.constdata)
    .conststring                             0x00009460   Section       69  device_manager_peripheral.o(.conststring)
    .conststring                             0x000094a8   Section       84  app_mw_ble.o(.conststring)
    .conststring                             0x000094fc   Section       88  app_mw_ble_gap.o(.conststring)
    .conststring                             0x00009554   Section       90  app_mw_ble_gatts.o(.conststring)
    .conststring                             0x000095b0   Section       88  app_mw_nrf_soc.o(.conststring)
    .conststring                             0x00009608   Section       83  ser_softdevice_handler.o(.conststring)
    .conststring                             0x0000965c   Section       77  ser_sd_transport.o(.conststring)
    .conststring                             0x000096ac   Section       73  ser_hal_transport.o(.conststring)
    .conststring                             0x000096f8   Section       79  ser_phy_nrf51_spi_master.o(.conststring)
    .conststring                             0x00009748   Section       46  spi_master.o(.conststring)
    .data                                    0x20000000   Section      160  main.o(.data)
    m_in_boot_mode                           0x20000000   Data           1  main.o(.data)
    m_caps_on                                0x20000001   Data           1  main.o(.data)
    m_memory_access_in_progress              0x20000002   Data           1  main.o(.data)
    size                                     0x20000003   Data           1  main.o(.data)
    m_advertising_mode                       0x20000004   Data           1  main.o(.data)
    m_app_handle                             0x20000005   Data           1  main.o(.data)
    m_direct_adv_cnt                         0x20000006   Data           1  main.o(.data)
    m_conn_handle                            0x20000008   Data           2  main.o(.data)
    p_key                                    0x2000000c   Data           4  main.o(.data)
    m_battery_timer_id                       0x20000010   Data           4  main.o(.data)
    m_bonded_peer_handle                     0x20000014   Data           4  main.o(.data)
    m_sample_key_press_scan_str              0x20000018   Data           6  main.o(.data)
    m_caps_on_key_scan_str                   0x2000001e   Data           6  main.o(.data)
    m_caps_off_key_scan_str                  0x20000024   Data           6  main.o(.data)
    m_ble_addr                               0x2000002a   Data           7  main.o(.data)
    m_battery_sim_state                      0x20000034   Data           8  main.o(.data)
    report_map_data                          0x2000003c   Data          76  main.o(.data)
    buttons                                  0x20000088   Data          24  main.o(.data)
    .data                                    0x200000a0   Section       74  ble_dis.o(.data)
    service_handle                           0x200000a0   Data           2  ble_dis.o(.data)
    manufact_name_handles                    0x200000a2   Data           8  ble_dis.o(.data)
    model_num_handles                        0x200000aa   Data           8  ble_dis.o(.data)
    serial_num_handles                       0x200000b2   Data           8  ble_dis.o(.data)
    hw_rev_handles                           0x200000ba   Data           8  ble_dis.o(.data)
    fw_rev_handles                           0x200000c2   Data           8  ble_dis.o(.data)
    sw_rev_handles                           0x200000ca   Data           8  ble_dis.o(.data)
    sys_id_handles                           0x200000d2   Data           8  ble_dis.o(.data)
    reg_cert_data_list_handles               0x200000da   Data           8  ble_dis.o(.data)
    pnp_id_handles                           0x200000e2   Data           8  ble_dis.o(.data)
    .data                                    0x200000ec   Section       36  app_timer.o(.data)
    m_node_array_size                        0x200000ec   Data           1  app_timer.o(.data)
    m_user_array_size                        0x200000ed   Data           1  app_timer.o(.data)
    m_ticks_elapsed_q_read_ind               0x200000ee   Data           1  app_timer.o(.data)
    m_ticks_elapsed_q_write_ind              0x200000ef   Data           1  app_timer.o(.data)
    m_rtc1_running                           0x200000f0   Data           1  app_timer.o(.data)
    mp_nodes                                 0x200000f4   Data           4  app_timer.o(.data)
    mp_users                                 0x200000f8   Data           4  app_timer.o(.data)
    m_timer_id_head                          0x200000fc   Data           4  app_timer.o(.data)
    m_ticks_latest                           0x20000100   Data           4  app_timer.o(.data)
    m_evt_schedule_func                      0x20000104   Data           4  app_timer.o(.data)
    m_ticks_elapsed                          0x20000108   Data           8  app_timer.o(.data)
    .data                                    0x20000110   Section       28  app_button.o(.data)
    m_button_count                           0x20000110   Data           1  app_button.o(.data)
    m_gpiote_user_id                         0x20000111   Data           1  app_button.o(.data)
    mp_buttons                               0x20000114   Data           4  app_button.o(.data)
    m_detection_delay                        0x20000118   Data           4  app_button.o(.data)
    m_evt_schedule_func                      0x2000011c   Data           4  app_button.o(.data)
    m_detection_delay_timer_id               0x20000120   Data           4  app_button.o(.data)
    m_pin_transition                         0x20000124   Data           8  app_button.o(.data)
    .data                                    0x2000012c   Section       20  softdevice_handler.o(.data)
    m_softdevice_enabled                     0x2000012c   Data           1  softdevice_handler.o(.data)
    m_ble_evt_buffer_size                    0x2000012e   Data           2  softdevice_handler.o(.data)
    m_evt_schedule_func                      0x20000130   Data           4  softdevice_handler.o(.data)
    m_evt_buffer                             0x20000134   Data           4  softdevice_handler.o(.data)
    m_ble_evt_handler                        0x20000138   Data           4  softdevice_handler.o(.data)
    m_sys_evt_handler                        0x2000013c   Data           4  softdevice_handler.o(.data)
    .data                                    0x20000140   Section       24  device_manager_peripheral.o(.data)
    m_module_initialized                     0x20000140   Data           1  device_manager_peripheral.o(.data)
    m_peer_addr_update                       0x20000144   Data           4  device_manager_peripheral.o(.data)
    m_irk_index_table                        0x20000148   Data           7  device_manager_peripheral.o(.data)
    m_storage_handle                         0x20000150   Data           8  device_manager_peripheral.o(.data)
    .data                                    0x20000158   Section       24  ble_conn_params.o(.data)
    m_change_param                           0x20000158   Data           1  ble_conn_params.o(.data)
    m_update_count                           0x20000159   Data           1  ble_conn_params.o(.data)
    m_conn_handle                            0x2000015a   Data           2  ble_conn_params.o(.data)
    m_conn_params_timer_id                   0x2000015c   Data           4  ble_conn_params.o(.data)
    m_preferred_conn_params                  0x20000160   Data           8  ble_conn_params.o(.data)
    m_current_conn_params                    0x20000168   Data           8  ble_conn_params.o(.data)
    .data                                    0x20000170   Section        4  app_util_platform.o(.data)
    m_in_critical_region                     0x20000170   Data           4  app_util_platform.o(.data)
    .data                                    0x20000174   Section       12  app_mw_ble.o(.data)
    m_uint32_param                           0x20000174   Data           4  app_mw_ble.o(.data)
    m_output_params                          0x20000178   Data           8  app_mw_ble.o(.data)
    .data                                    0x20000180   Section       12  app_mw_ble_gap.o(.data)
    mp_out_params                            0x20000180   Data           4  app_mw_ble_gap.o(.data)
    m_output_params                          0x20000184   Data           8  app_mw_ble_gap.o(.data)
    .data                                    0x2000018c   Section        4  ser_softdevice_handler.o(.data)
    m_ble_evt_mailbox_id                     0x2000018c   Data           4  ser_softdevice_handler.o(.data)
    .data                                    0x20000190   Section       32  ser_sd_transport.o(.data)
    m_rsp_wait                               0x20000190   Data           1  ser_sd_transport.o(.data)
    m_evt_handler                            0x20000194   Data           4  ser_sd_transport.o(.data)
    m_ot_rsp_wait_handler                    0x20000198   Data           4  ser_sd_transport.o(.data)
    m_os_rsp_wait_handler                    0x2000019c   Data           4  ser_sd_transport.o(.data)
    m_os_rsp_set_handler                     0x200001a0   Data           4  ser_sd_transport.o(.data)
    m_rx_notify_handler                      0x200001a4   Data           4  ser_sd_transport.o(.data)
    m_rsp_dec_handler                        0x200001a8   Data           4  ser_sd_transport.o(.data)
    m_return_value                           0x200001ac   Data           4  ser_sd_transport.o(.data)
    .data                                    0x200001b0   Section        8  ser_hal_transport.o(.data)
    m_rx_state                               0x200001b0   Data           1  ser_hal_transport.o(.data)
    m_tx_state                               0x200001b1   Data           1  ser_hal_transport.o(.data)
    m_events_handler                         0x200001b4   Data           4  ser_hal_transport.o(.data)
    .data                                    0x200001b8   Section        1  ble_flash.o(.data)
    m_radio_active                           0x200001b8   Data           1  ble_flash.o(.data)
    .data                                    0x200001bc   Section        4  ser_app_hal_nrf51.o(.data)
    m_int_cnt                                0x200001bc   Data           4  ser_app_hal_nrf51.o(.data)
    .data                                    0x200001c0   Section       12  pstorage.o(.data)
    m_module_initialized                     0x200001c0   Data           1  pstorage.o(.data)
    m_next_app_instance                      0x200001c4   Data           4  pstorage.o(.data)
    m_next_page_addr                         0x200001c8   Data           4  pstorage.o(.data)
    .data                                    0x200001cc   Section       16  app_gpiote_fast_detect.o(.data)
    m_user_array_size                        0x200001cc   Data           1  app_gpiote_fast_detect.o(.data)
    m_user_count                             0x200001cd   Data           1  app_gpiote_fast_detect.o(.data)
    mp_users                                 0x200001d0   Data           4  app_gpiote_fast_detect.o(.data)
    m_app_gpiote_end_irq_event_handler       0x200001d4   Data           4  app_gpiote_fast_detect.o(.data)
    m_enabled_users_mask                     0x200001d8   Data           4  app_gpiote_fast_detect.o(.data)
    .data                                    0x200001dc   Section        1  ser_app_power_system_off.o(.data)
    m_power_system_off                       0x200001dc   Data           1  ser_app_power_system_off.o(.data)
    .data                                    0x200001e0   Section       16  app_scheduler.o(.data)
    m_queue_start_index                      0x200001e0   Data           1  app_scheduler.o(.data)
    m_queue_end_index                        0x200001e1   Data           1  app_scheduler.o(.data)
    m_queue_event_size                       0x200001e2   Data           2  app_scheduler.o(.data)
    m_queue_size                             0x200001e4   Data           2  app_scheduler.o(.data)
    m_queue_event_headers                    0x200001e8   Data           4  app_scheduler.o(.data)
    m_queue_event_data                       0x200001ec   Data           4  app_scheduler.o(.data)
    .data                                    0x200001f0   Section       40  ser_phy_nrf51_spi_master.o(.data)
    m_pend_req_flag                          0x200001f0   Data           1  ser_phy_nrf51_spi_master.o(.data)
    m_pend_rdy_flag                          0x200001f1   Data           1  ser_phy_nrf51_spi_master.o(.data)
    m_pend_xfer_flag                         0x200001f2   Data           1  ser_phy_nrf51_spi_master.o(.data)
    m_pend_rx_api_flag                       0x200001f3   Data           1  ser_phy_nrf51_spi_master.o(.data)
    m_pend_tx_api_flag                       0x200001f4   Data           1  ser_phy_nrf51_spi_master.o(.data)
    m_slave_ready_flag                       0x200001f5   Data           1  ser_phy_nrf51_spi_master.o(.data)
    m_slave_request_flag                     0x200001f6   Data           1  ser_phy_nrf51_spi_master.o(.data)
    m_spi_master_state                       0x200001f7   Data           1  ser_phy_nrf51_spi_master.o(.data)
    m_wait_for_ready_flag                    0x200001f8   Data           1  ser_phy_nrf51_spi_master.o(.data)
    m_tx_buf_len                             0x200001fa   Data           2  ser_phy_nrf51_spi_master.o(.data)
    m_rx_buf_len                             0x200001fc   Data           2  ser_phy_nrf51_spi_master.o(.data)
    m_header_buffer                          0x200001fe   Data           2  ser_phy_nrf51_spi_master.o(.data)
    m_tx_packet_length                       0x20000200   Data           2  ser_phy_nrf51_spi_master.o(.data)
    m_accumulated_tx_packet_length           0x20000202   Data           2  ser_phy_nrf51_spi_master.o(.data)
    m_current_tx_packet_length               0x20000204   Data           2  ser_phy_nrf51_spi_master.o(.data)
    m_rx_packet_length                       0x20000206   Data           2  ser_phy_nrf51_spi_master.o(.data)
    m_accumulated_rx_packet_length           0x20000208   Data           2  ser_phy_nrf51_spi_master.o(.data)
    m_current_rx_packet_length               0x2000020a   Data           2  ser_phy_nrf51_spi_master.o(.data)
    mp_tx_buffer                             0x2000020c   Data           4  ser_phy_nrf51_spi_master.o(.data)
    mp_rx_buffer                             0x20000210   Data           4  ser_phy_nrf51_spi_master.o(.data)
    m_callback_events_handler                0x20000214   Data           4  ser_phy_nrf51_spi_master.o(.data)
    .data                                    0x20000218   Section        4  system_nrf51.o(.data)
    __tagsym$$used                           0x20000218   Number         0  system_nrf51.o(.data)
    .data                                    0x2000021c   Section        4  mvars.o(.data)
    .data                                    0x20000220   Section        4  mvars.o(.data)
    .bss                                     0x20000224   Section      756  main.o(.bss)
    EVT_BUFFER                               0x20000224   Data          80  main.o(.bss)
    APP_SCHED_BUF                            0x20000274   Data         176  main.o(.bss)
    app_gpiote_buf                           0x20000324   Data          20  main.o(.bss)
    m_hids                                   0x20000338   Data         376  main.o(.bss)
    m_bas                                    0x200004b0   Data          24  main.o(.bss)
    m_battery_sim_cfg                        0x200004c8   Data          16  main.o(.bss)
    buffer_list                              0x200004d8   Data          64  main.o(.bss)
    .bss                                     0x20000518   Section      276  device_manager_peripheral.o(.bss)
    m_peer_table                             0x20000518   Data         196  device_manager_peripheral.o(.bss)
    m_bond_table                             0x200005dc   Data          24  device_manager_peripheral.o(.bss)
    m_gatts_table                            0x200005f4   Data          32  device_manager_peripheral.o(.bss)
    m_connection_table                       0x20000614   Data          12  device_manager_peripheral.o(.bss)
    m_application_table                      0x20000620   Data          12  device_manager_peripheral.o(.bss)
    .bss                                     0x2000062c   Section       28  ble_conn_params.o(.bss)
    m_conn_params_config                     0x2000062c   Data          28  ble_conn_params.o(.bss)
    .bss                                     0x20000648   Section       12  app_mw_ble.o(.bss)
    mp_out_params                            0x20000648   Data          12  app_mw_ble.o(.bss)
    .bss                                     0x20000654   Section       12  app_mw_ble_gatts.o(.bss)
    mp_out_params                            0x20000654   Data          12  app_mw_ble_gatts.o(.bss)
    .bss                                     0x20000660   Section      412  ser_softdevice_handler.o(.bss)
    .bss                                     0x200007fc   Section      768  ser_hal_transport.o(.bss)
    m_tx_buffer                              0x200007fc   Data         384  ser_hal_transport.o(.bss)
    m_rx_buffer                              0x2000097c   Data         384  ser_hal_transport.o(.bss)
    .bss                                     0x20000afc   Section       16  pstorage.o(.bss)
    m_app_table                              0x20000afc   Data          16  pstorage.o(.bss)
    .bss                                     0x20000b0c   Section       16  app_gpiote_fast_detect.o(.bss)
    m_app_gpiote_input_event_handlers        0x20000b0c   Data          16  app_gpiote_fast_detect.o(.bss)
    .bss                                     0x20000b1c   Section      255  ser_phy_nrf51_spi_master.o(.bss)
    m_frame_buffer                           0x20000b1c   Data         255  ser_phy_nrf51_spi_master.o(.bss)
    .bss                                     0x20000c1c   Section       40  spi_master.o(.bss)
    m_spi_master_instances                   0x20000c1c   Data          40  spi_master.o(.bss)
    HEAP                                     0x20000c48   Section     2048  arm_startup_nrf51.o(HEAP)
    STACK                                    0x20001448   Section     2048  arm_startup_nrf51.o(STACK)

    Global Symbols

    Symbol Name                              Value     Ov Type        Size  Object(Section)

    BuildAttributes$$THM_ISAv3M$S$PE$A:L22$X:L11$S22$IEEE1$IW$USESV6$~STKCKD$USESV7$~SHL$OSPACE$EBA8$MICROLIB$REQ8$PRES8$EABIv2 0x00000000   Number         0  anon$$obj.o ABSOLUTE
    __ARM_use_no_argv                        0x00000000   Number         0  main.o ABSOLUTE
    __Vectors                                0x00000000   Data           4  arm_startup_nrf51.o(RESET)
    __cpp_initialize__aeabi_                  - Undefined Weak Reference
    __cxa_finalize                            - Undefined Weak Reference
    _clock_init                               - Undefined Weak Reference
    _microlib_exit                            - Undefined Weak Reference
    __Vectors_End                            0x000000c0   Data           0  arm_startup_nrf51.o(RESET)
    __Vectors_Size                           0x000000c0   Number         0  arm_startup_nrf51.o ABSOLUTE
    __main                                   0x000000c1   Thumb Code     0  entry.o(.ARM.Collect$$$$00000000)
    _main_stk                                0x000000c1   Thumb Code     0  entry2.o(.ARM.Collect$$$$00000001)
    _main_scatterload                        0x000000c5   Thumb Code     0  entry5.o(.ARM.Collect$$$$00000004)
    __main_after_scatterload                 0x000000c9   Thumb Code     0  entry5.o(.ARM.Collect$$$$00000004)
    _main_clock                              0x000000c9   Thumb Code     0  entry7b.o(.ARM.Collect$$$$00000008)
    _main_cpp_init                           0x000000c9   Thumb Code     0  entry8b.o(.ARM.Collect$$$$0000000A)
    _main_init                               0x000000c9   Thumb Code     0  entry9a.o(.ARM.Collect$$$$0000000B)
    __rt_final_cpp                           0x000000d1   Thumb Code     0  entry10a.o(.ARM.Collect$$$$0000000D)
    __rt_final_exit                          0x000000d1   Thumb Code     0  entry11a.o(.ARM.Collect$$$$0000000F)
    __asm___11_app_timer_c_cd27f9c3__nrf_delay_us 0x000000d5   Thumb Code    30  app_timer.o(.emb_text)
    __asm___11_nrf_delay_c_532987f3__nrf_delay_us 0x000000f5   Thumb Code    30  nrf_delay.o(.emb_text)
    app_error_handler                        0x00000115   Thumb Code     8  main.o(.text)
    assert_nrf_callback                      0x0000011d   Thumb Code     8  main.o(.text)
    main                                     0x0000084f   Thumb Code   382  main.o(.text)
    ble_bas_on_ble_evt                       0x00000c8d   Thumb Code    86  ble_bas.o(.text)
    ble_bas_init                             0x00000e15   Thumb Code    58  ble_bas.o(.text)
    ble_bas_battery_level_update             0x00000e4f   Thumb Code   100  ble_bas.o(.text)
    ble_dis_init                             0x00000ff7   Thumb Code   310  ble_dis.o(.text)
    ble_hids_on_ble_evt                      0x0000135d   Thumb Code   140  ble_hids.o(.text)
    ble_hids_init                            0x00001787   Thumb Code   302  ble_hids.o(.text)
    ble_hids_inp_rep_send                    0x000018b5   Thumb Code    94  ble_hids.o(.text)
    ble_hids_boot_kb_inp_rep_send            0x00001913   Thumb Code    74  ble_hids.o(.text)
    ble_hids_outp_rep_get                    0x0000195d   Thumb Code    28  ble_hids.o(.text)
    ble_advdata_set                          0x00001ea7   Thumb Code   104  ble_advdata.o(.text)
    RTC1_IRQHandler                          0x0000230b   Thumb Code    22  app_timer.o(.text)
    SWI0_IRQHandler                          0x00002321   Thumb Code    76  app_timer.o(.text)
    app_timer_init                           0x0000236d   Thumb Code   166  app_timer.o(.text)
    app_timer_create                         0x00002413   Thumb Code    72  app_timer.o(.text)
    app_timer_start                          0x000024a5   Thumb Code   212  app_timer.o(.text)
    app_timer_stop                           0x00002579   Thumb Code    82  app_timer.o(.text)
    PC_APP_TIMER_INIT                        0x000025cb   Thumb Code    80  app_timer.o(.text)
    app_button_init                          0x0000299d   Thumb Code    94  app_button.o(.text)
    app_button_enable                        0x000029fb   Thumb Code    22  app_button.o(.text)
    app_button_disable                       0x00002a11   Thumb Code    32  app_button.o(.text)
    app_button_is_pushed                     0x00002a31   Thumb Code    88  app_button.o(.text)
    softdevice_assertion_handler             0x00002ac9   Thumb Code    12  softdevice_handler.o(.text)
    intern_softdevice_events_execute         0x00002ad5   Thumb Code   128  softdevice_handler.o(.text)
    softdevice_handler_init                  0x00002b55   Thumb Code    44  softdevice_handler.o(.text)
    softdevice_ble_evt_handler_set           0x00002b81   Thumb Code    16  softdevice_handler.o(.text)
    softdevice_sys_evt_handler_set           0x00002b91   Thumb Code    16  softdevice_handler.o(.text)
    SWI2_IRQHandler                          0x00002ba1   Thumb Code    34  softdevice_handler.o(.text)
    ble_sensorsim_init                       0x00002c05   Thumb Code    24  ble_sensorsim.o(.text)
    ble_sensorsim_measure                    0x00002c1d   Thumb Code    54  ble_sensorsim.o(.text)
    dm_handle_initialize                     0x00002e07   Thumb Code    24  device_manager_peripheral.o(.text)
    dm_init                                  0x00002f5d   Thumb Code   174  device_manager_peripheral.o(.text)
    dm_register                              0x0000300b   Thumb Code   116  device_manager_peripheral.o(.text)
    dm_whitelist_create                      0x0000307f   Thumb Code   136  device_manager_peripheral.o(.text)
    dm_service_context_set                   0x00003107   Thumb Code   144  device_manager_peripheral.o(.text)
    dm_peer_addr_get                         0x0000322f   Thumb Code   112  device_manager_peripheral.o(.text)
    bond_data_load                           0x0000329f   Thumb Code    62  device_manager_peripheral.o(.text)
    dm_ble_evt_handler                       0x000032dd   Thumb Code   844  device_manager_peripheral.o(.text)
    ble_conn_params_init                     0x00003723   Thumb Code    76  ble_conn_params.o(.text)
    ble_conn_params_on_ble_evt               0x000037c9   Thumb Code   134  ble_conn_params.o(.text)
    ble_srv_report_ref_encode                0x00003879   Thumb Code    12  ble_srv_common.o(.text)
    ble_srv_ascii_to_utf8                    0x00003885   Thumb Code    18  ble_srv_common.o(.text)
    CRITICAL_REGION_ENTER                    0x00003899   Thumb Code    12  app_util_platform.o(.text)
    CRITICAL_REGION_EXIT                     0x000038a5   Thumb Code    14  app_util_platform.o(.text)
    ble_enable_req_enc                       0x000038b9   Thumb Code    60  ble_enable.o(.text)
    ble_enable_rsp_dec                       0x000038f5   Thumb Code    12  ble_enable.o(.text)
    ble_event_dec                            0x00003905   Thumb Code   526  ble_event.o(.text)
    ble_evt_tx_complete_dec                  0x00003b13   Thumb Code   102  ble_evt_tx_complete.o(.text)
    ble_gap_address_get_req_enc              0x00003b79   Thumb Code    42  ble_gap_address_get.o(.text)
    ble_gap_address_get_rsp_dec              0x00003ba3   Thumb Code   100  ble_gap_address_get.o(.text)
    ble_gap_address_set_req_enc              0x00003c07   Thumb Code    78  ble_gap_address_set.o(.text)
    ble_gap_address_set_rsp_dec              0x00003c55   Thumb Code    12  ble_gap_address_set.o(.text)
    ble_gap_adv_data_set_req_enc             0x00003c61   Thumb Code    94  ble_gap_adv_data_set.o(.text)
    ble_gap_adv_data_set_rsp_dec             0x00003cbf   Thumb Code    12  ble_gap_adv_data_set.o(.text)
    ble_gap_adv_start_req_enc                0x00003ccb   Thumb Code   214  ble_gap_adv_start.o(.text)
    ble_gap_adv_start_rsp_dec                0x00003da1   Thumb Code    12  ble_gap_adv_start.o(.text)
    ble_gap_appearance_get_req_enc           0x00003e07   Thumb Code    42  ble_gap_appearance_get.o(.text)
    ble_gap_appearance_get_rsp_dec           0x00003e31   Thumb Code    86  ble_gap_appearance_get.o(.text)
    ble_gap_appearance_set_req_enc           0x00003e87   Thumb Code    40  ble_gap_appearance_set.o(.text)
    ble_gap_appearance_set_rsp_dec           0x00003eaf   Thumb Code    12  ble_gap_appearance_set.o(.text)
    ble_gap_conn_param_update_req_enc        0x00003ebb   Thumb Code   114  ble_gap_conn_param_update.o(.text)
    ble_gap_conn_param_update_rsp_dec        0x00003f2d   Thumb Code    12  ble_gap_conn_param_update.o(.text)
    ble_gap_device_name_get_req_enc          0x00003f43   Thumb Code    86  ble_gap_device_name_get.o(.text)
    ble_gap_device_name_get_rsp_dec          0x00003f99   Thumb Code    94  ble_gap_device_name_get.o(.text)
    ble_gap_device_name_set_req_enc          0x00003ff7   Thumb Code   126  ble_gap_device_name_set.o(.text)
    ble_gap_device_name_set_rsp_dec          0x00004075   Thumb Code    12  ble_gap_device_name_set.o(.text)
    ble_gap_disconnect_req_enc               0x00004081   Thumb Code    44  ble_gap_disconnect.o(.text)
    ble_gap_disconnect_rsp_dec               0x000040ad   Thumb Code    12  ble_gap_disconnect.o(.text)
    ble_gap_evt_auth_key_request_dec         0x000040b9   Thumb Code   100  ble_gap_evt_auth_key_request.o(.text)
    ble_gap_evt_auth_status_dec              0x0000411d   Thumb Code   480  ble_gap_evt_auth_status.o(.text)
    ble_gap_evt_conn_param_update_dec        0x000042fd   Thumb Code   142  ble_gap_evt_conn_param_update.o(.text)
    ble_gap_evt_conn_sec_update_dec          0x0000438b   Thumb Code   140  ble_gap_evt_conn_sec_update.o(.text)
    ble_gap_evt_connected_dec                0x00004417   Thumb Code   204  ble_gap_evt_connected.o(.text)
    ble_gap_evt_disconnected_dec             0x000044e3   Thumb Code   100  ble_gap_evt_disconnected.o(.text)
    ble_gap_evt_passkey_display_dec          0x00004547   Thumb Code   108  ble_gap_evt_passkey_display.o(.text)
    ble_gap_evt_rssi_changed_dec             0x000045b3   Thumb Code   100  ble_gap_evt_rssi_changed.o(.text)
    ble_gap_evt_sec_info_request_dec         0x00004617   Thumb Code   206  ble_gap_evt_sec_info_request.o(.text)
    ble_gap_evt_sec_params_request_dec       0x000046e5   Thumb Code   186  ble_gap_evt_sec_params_request.o(.text)
    ble_gap_evt_timeout_dec                  0x0000479f   Thumb Code    98  ble_gap_evt_timeout.o(.text)
    ble_gap_ppcp_get_req_enc                 0x00004801   Thumb Code    42  ble_gap_ppcp_get.o(.text)
    ble_gap_ppcp_get_rsp_dec                 0x0000482b   Thumb Code   122  ble_gap_ppcp_get.o(.text)
    ble_gap_ppcp_set_req_enc                 0x000048a5   Thumb Code   102  ble_gap_ppcp_set.o(.text)
    ble_gap_ppcp_set_rsp_dec                 0x0000490b   Thumb Code    12  ble_gap_ppcp_set.o(.text)
    ble_gap_sec_info_reply_req_enc           0x00004921   Thumb Code   142  ble_gap_sec_info_reply.o(.text)
    ble_gap_sec_info_reply_rsp_dec           0x000049af   Thumb Code    12  ble_gap_sec_info_reply.o(.text)
    ble_gap_sec_params_reply_req_enc         0x000049bb   Thumb Code   118  ble_gap_sec_params_reply.o(.text)
    ble_gap_sec_params_reply_rsp_dec         0x00004a31   Thumb Code    12  ble_gap_sec_params_reply.o(.text)
    ble_gattc_evt_char_disc_rsp_dec          0x00004a3d   Thumb Code   418  ble_gattc_evt_char_disc_rsp.o(.text)
    ble_gattc_evt_char_val_by_uuid_read_rsp_dec 0x00004bdf   Thumb Code   160  ble_gattc_evt_char_val_by_uuid_read_rsp.o(.text)
    ble_gattc_evt_char_vals_read_rsp_dec     0x00004c7f   Thumb Code   126  ble_gattc_evt_char_vals_read_rsp.o(.text)
    ble_gattc_evt_desc_disc_rsp_dec          0x00004cfd   Thumb Code   232  ble_gattc_evt_desc_disc_rsp.o(.text)
    ble_gattc_evt_hvx_dec                    0x00004de5   Thumb Code   204  ble_gattc_evt_hvx.o(.text)
    ble_gattc_evt_prim_srvc_disc_rsp_dec     0x00004eb1   Thumb Code   246  ble_gattc_evt_prim_srvc_disc_rsp.o(.text)
    ble_gattc_evt_read_rsp_dec               0x00004fa7   Thumb Code   204  ble_gattc_evt_read_rsp.o(.text)
    ble_gattc_evt_rel_disc_rsp_dec           0x00005073   Thumb Code   144  ble_gattc_evt_rel_disc_rsp.o(.text)
    ble_gattc_evt_timeout_dec                0x00005103   Thumb Code   102  ble_gattc_evt_timeout.o(.text)
    ble_gattc_evt_write_rsp_dec              0x00005169   Thumb Code   218  ble_gattc_evt_write_rsp.o(.text)
    ble_gatts_characteristic_add_req_enc     0x00005245   Thumb Code   130  ble_gatts_characteristic_add.o(.text)
    ble_gatts_characteristic_add_rsp_dec     0x000052c7   Thumb Code    88  ble_gatts_characteristic_add.o(.text)
    ble_gatts_descriptor_add_req_enc         0x0000532d   Thumb Code   114  ble_gatts_descriptor_add.o(.text)
    ble_gatts_descriptor_add_rsp_dec         0x0000539f   Thumb Code    90  ble_gatts_descriptor_add.o(.text)
    ble_gatts_evt_hvc_dec                    0x000053fd   Thumb Code   100  ble_gatts_evt_hvc.o(.text)
    ble_gatts_evt_rw_authorize_request_dec   0x00005461   Thumb Code   114  ble_gatts_evt_rw_authorize_request.o(.text)
    ble_gatts_evt_sc_confirm_dec             0x000054d3   Thumb Code    80  ble_gatts_evt_sc_confirm.o(.text)
    ble_gatts_evt_sys_attr_missing_dec       0x00005523   Thumb Code   100  ble_gatts_evt_sys_attr_missing.o(.text)
    ble_gatts_evt_timeout_dec                0x00005587   Thumb Code   100  ble_gatts_evt_timeout.o(.text)
    ble_gatts_evt_write_dec                  0x000055eb   Thumb Code   110  ble_gatts_evt_write.o(.text)
    ble_gatts_hvx_req_enc                    0x00005659   Thumb Code   218  ble_gatts_hvx.o(.text)
    ble_gatts_hvx_rsp_dec                    0x00005733   Thumb Code    84  ble_gatts_hvx.o(.text)
    ble_gatts_include_add_req_enc            0x00005795   Thumb Code   126  ble_gatts_include_add.o(.text)
    ble_gatts_include_add_rsp_dec            0x00005813   Thumb Code    86  ble_gatts_include_add.o(.text)
    ble_gatts_service_add_req_enc            0x00005869   Thumb Code    98  ble_gatts_service_add.o(.text)
    ble_gatts_service_add_rsp_dec            0x000058cb   Thumb Code    92  ble_gatts_service_add.o(.text)
    ble_gatts_sys_attr_get_req_enc           0x00005927   Thumb Code    94  ble_gatts_sys_attr_get.o(.text)
    ble_gatts_sys_attr_get_rsp_dec           0x00005985   Thumb Code   168  ble_gatts_sys_attr_get.o(.text)
    ble_gatts_sys_attr_set_req_enc           0x00005a2d   Thumb Code    96  ble_gatts_sys_attr_set.o(.text)
    ble_gatts_sys_attr_set_rsp_dec           0x00005a8d   Thumb Code    12  ble_gatts_sys_attr_set.o(.text)
    ble_gatts_value_get_req_enc              0x00005a99   Thumb Code    98  ble_gatts_value_get.o(.text)
    ble_gatts_value_get_rsp_dec              0x00005afb   Thumb Code   132  ble_gatts_value_get.o(.text)
    ble_gatts_value_set_req_enc              0x00005b85   Thumb Code   138  ble_gatts_value_set.o(.text)
    ble_gatts_value_set_rsp_dec              0x00005c0f   Thumb Code    86  ble_gatts_value_set.o(.text)
    ble_l2cap_evt_rx_dec                     0x00005c65   Thumb Code   114  ble_l2cap_evt_rx.o(.text)
    ble_uuid_encode_req_enc                  0x00005cd7   Thumb Code   110  ble_uuid_encode.o(.text)
    ble_uuid_encode_rsp_dec                  0x00005d45   Thumb Code   118  ble_uuid_encode.o(.text)
    power_system_off_req_enc                 0x00005dbb   Thumb Code    34  power_system_off.o(.text)
    ble_gap_irk_enc                          0x00005ddd   Thumb Code    38  ble_gap_struct_serialization.o(.text)
    ble_gap_irk_dec                          0x00005e03   Thumb Code    38  ble_gap_struct_serialization.o(.text)
    ble_gap_conn_sec_mode_enc                0x00005e29   Thumb Code    16  ble_gap_struct_serialization.o(.text)
    ble_gap_conn_sec_mode_dec                0x00005e39   Thumb Code    60  ble_gap_struct_serialization.o(.text)
    ble_gap_conn_sec_t_dec                   0x00005e75   Thumb Code    48  ble_gap_struct_serialization.o(.text)
    ble_gap_opt_local_conn_latency_t_dec     0x00005ea5   Thumb Code    62  ble_gap_struct_serialization.o(.text)
    ble_gap_opt_passkey_t_dec                0x00005ee3   Thumb Code    26  ble_gap_struct_serialization.o(.text)
    ble_gap_opt_privacy_t_dec                0x00005efd   Thumb Code    48  ble_gap_struct_serialization.o(.text)
    ble_gattc_evt_char_val_by_uuid_read_rsp_t_dec 0x00005f35   Thumb Code   196  ble_gattc_struct_serialization.o(.text)
    ble_gattc_evt_char_vals_read_rsp_t_dec   0x00005ff9   Thumb Code    62  ble_gattc_struct_serialization.o(.text)
    ble_gattc_handle_range_t_dec             0x00006037   Thumb Code    48  ble_gattc_struct_serialization.o(.text)
    ble_gattc_service_t_dec                  0x00006067   Thumb Code    32  ble_gattc_struct_serialization.o(.text)
    ble_gattc_include_t_dec                  0x00006087   Thumb Code    32  ble_gattc_struct_serialization.o(.text)
    ble_gattc_evt_rel_disc_rsp_t_dec         0x000060a7   Thumb Code    64  ble_gattc_struct_serialization.o(.text)
    ser_ble_gatts_char_pf_dec                0x000060e9   Thumb Code    80  ble_gatts_struct_serialization.o(.text)
    ser_ble_gatts_char_pf_enc                0x00006139   Thumb Code    80  ble_gatts_struct_serialization.o(.text)
    ble_gatts_attr_md_enc                    0x00006189   Thumb Code    90  ble_gatts_struct_serialization.o(.text)
    ble_gatts_attr_md_dec                    0x000061e3   Thumb Code   118  ble_gatts_struct_serialization.o(.text)
    ble_gatts_char_md_enc                    0x00006259   Thumb Code   240  ble_gatts_struct_serialization.o(.text)
    ble_gatts_attr_enc                       0x00006349   Thumb Code   108  ble_gatts_struct_serialization.o(.text)
    ble_gatts_char_handles_dec               0x000063b5   Thumb Code    68  ble_gatts_struct_serialization.o(.text)
    ble_gatts_attr_context_t_dec             0x000063f9   Thumb Code   112  ble_gatts_struct_serialization.o(.text)
    ble_gatts_evt_write_t_dec                0x00006469   Thumb Code   212  ble_gatts_struct_serialization.o(.text)
    ble_gatts_evt_read_t_dec                 0x0000653d   Thumb Code   118  ble_gatts_struct_serialization.o(.text)
    ble_gatts_evt_rw_authorize_request_t_dec 0x000065b3   Thumb Code   142  ble_gatts_struct_serialization.o(.text)
    ble_gatts_read_authorize_params_t_enc    0x00006641   Thumb Code    76  ble_gatts_struct_serialization.o(.text)
    ble_gatts_write_authorize_params_t_enc   0x0000668d   Thumb Code     8  ble_gatts_struct_serialization.o(.text)
    ble_gatts_rw_authorize_reply_params_t_enc 0x00006695   Thumb Code    60  ble_gatts_struct_serialization.o(.text)
    ble_uuid_t_enc                           0x000066dd   Thumb Code    32  ble_struct_serialization.o(.text)
    ble_uuid_t_dec                           0x000066fd   Thumb Code    44  ble_struct_serialization.o(.text)
    ble_uuid128_t_enc                        0x00006729   Thumb Code    40  ble_struct_serialization.o(.text)
    ble_l2cap_header_t_dec                   0x00006751   Thumb Code    46  ble_struct_serialization.o(.text)
    ble_l2cap_evt_rx_t_dec                   0x0000677f   Thumb Code   132  ble_struct_serialization.o(.text)
    ble_enable_params_t_enc                  0x00006803   Thumb Code    30  ble_struct_serialization.o(.text)
    ser_ble_cmd_rsp_result_code_dec          0x00006821   Thumb Code    62  ble_serialization.o(.text)
    ser_ble_cmd_rsp_dec                      0x0000685f   Thumb Code    38  ble_serialization.o(.text)
    uint32_t_dec                             0x00006885   Thumb Code    52  ble_serialization.o(.text)
    uint16_t_enc                             0x000068b9   Thumb Code    34  ble_serialization.o(.text)
    uint16_t_dec                             0x000068db   Thumb Code    36  ble_serialization.o(.text)
    uint16_dec                               0x000068ff   Thumb Code    30  ble_serialization.o(.text)
    uint8_t_enc                              0x0000691d   Thumb Code    26  ble_serialization.o(.text)
    uint8_t_dec                              0x00006937   Thumb Code    26  ble_serialization.o(.text)
    uint8_dec                                0x00006951   Thumb Code    22  ble_serialization.o(.text)
    int8_dec                                 0x00006967   Thumb Code    22  ble_serialization.o(.text)
    buf_enc                                  0x0000697d   Thumb Code    82  ble_serialization.o(.text)
    len8data_enc                             0x000069cf   Thumb Code    46  ble_serialization.o(.text)
    buf_dec                                  0x000069fd   Thumb Code   102  ble_serialization.o(.text)
    len16data_enc                            0x00006a63   Thumb Code    46  ble_serialization.o(.text)
    len16data_dec                            0x00006a91   Thumb Code    48  ble_serialization.o(.text)
    cond_field_enc                           0x00006ad5   Thumb Code    50  cond_field_serialization.o(.text)
    cond_field_dec                           0x00006b07   Thumb Code    94  cond_field_serialization.o(.text)
    sd_ble_uuid_encode                       0x00006b83   Thumb Code    70  app_mw_ble.o(.text)
    sd_ble_enable                            0x00006be3   Thumb Code    60  app_mw_ble.o(.text)
    sd_ble_gap_adv_start                     0x00006c6d   Thumb Code    58  app_mw_ble_gap.o(.text)
    sd_ble_gap_device_name_get               0x00006cc5   Thumb Code    68  app_mw_ble_gap.o(.text)
    sd_ble_gap_appearance_get                0x00006d25   Thumb Code    62  app_mw_ble_gap.o(.text)
    sd_ble_gap_device_name_set               0x00006d7b   Thumb Code    68  app_mw_ble_gap.o(.text)
    sd_ble_gap_appearance_set                0x00006dd9   Thumb Code    60  app_mw_ble_gap.o(.text)
    sd_ble_gap_ppcp_set                      0x00006e2f   Thumb Code    60  app_mw_ble_gap.o(.text)
    sd_ble_gap_adv_data_set                  0x00006e85   Thumb Code    80  app_mw_ble_gap.o(.text)
    sd_ble_gap_conn_param_update             0x00006eef   Thumb Code    64  app_mw_ble_gap.o(.text)
    sd_ble_gap_disconnect                    0x00006f49   Thumb Code    64  app_mw_ble_gap.o(.text)
    sd_ble_gap_sec_info_reply                0x00006fa3   Thumb Code    70  app_mw_ble_gap.o(.text)
    sd_ble_gap_sec_params_reply              0x00007007   Thumb Code   122  app_mw_ble_gap.o(.text)
    sd_ble_gap_ppcp_get                      0x000070a1   Thumb Code    64  app_mw_ble_gap.o(.text)
    sd_ble_gap_address_get                   0x00007105   Thumb Code    66  app_mw_ble_gap.o(.text)
    sd_ble_gap_address_set                   0x00007165   Thumb Code    64  app_mw_ble_gap.o(.text)
    sd_ble_gatts_sys_attr_set                0x000071f5   Thumb Code    68  app_mw_ble_gatts.o(.text)
    sd_ble_gatts_hvx                         0x00007253   Thumb Code    76  app_mw_ble_gatts.o(.text)
    sd_ble_gatts_service_add                 0x000072bb   Thumb Code    72  app_mw_ble_gatts.o(.text)
    sd_ble_gatts_include_add                 0x00007323   Thumb Code    74  app_mw_ble_gatts.o(.text)
    sd_ble_gatts_characteristic_add          0x00007389   Thumb Code    84  app_mw_ble_gatts.o(.text)
    sd_ble_gatts_descriptor_add              0x000073ff   Thumb Code    74  app_mw_ble_gatts.o(.text)
    sd_ble_gatts_value_get                   0x00007469   Thumb Code    84  app_mw_ble_gatts.o(.text)
    sd_ble_gatts_value_set                   0x000074db   Thumb Code    80  app_mw_ble_gatts.o(.text)
    sd_ble_gatts_sys_attr_get                0x0000754b   Thumb Code    76  app_mw_ble_gatts.o(.text)
    sd_power_system_off                      0x000075e5   Thumb Code    58  app_mw_nrf_soc.o(.text)
    sd_evt_get                               0x000076a1   Thumb Code     4  ser_softdevice_handler.o(.text)
    sd_ble_evt_get                           0x000076a5   Thumb Code    40  ser_softdevice_handler.o(.text)
    sd_softdevice_enable                     0x000076cd   Thumb Code    64  ser_softdevice_handler.o(.text)
    sd_nvic_EnableIRQ                        0x0000770d   Thumb Code    22  ser_softdevice_handler.o(.text)
    sd_app_evt_wait                          0x00007723   Thumb Code    10  ser_softdevice_handler.o(.text)
    ser_sd_transport_rx_free                 0x00007741   Thumb Code    10  ser_sd_transport.o(.text)
    ser_sd_transport_open                    0x00007783   Thumb Code    32  ser_sd_transport.o(.text)
    ser_sd_transport_is_busy                 0x000077a3   Thumb Code     6  ser_sd_transport.o(.text)
    ser_sd_transport_tx_alloc                0x000077a9   Thumb Code    20  ser_sd_transport.o(.text)
    ser_sd_transport_cmd_write               0x000077bd   Thumb Code    62  ser_sd_transport.o(.text)
    ser_hal_transport_tx_pkt_free            0x0000786d   Thumb Code    44  ser_hal_transport.o(.text)
    ser_hal_transport_open                   0x00007a0b   Thumb Code    58  ser_hal_transport.o(.text)
    ser_hal_transport_rx_pkt_free            0x00007a45   Thumb Code    82  ser_hal_transport.o(.text)
    ser_hal_transport_tx_pkt_alloc           0x00007a97   Thumb Code    54  ser_hal_transport.o(.text)
    ser_hal_transport_tx_pkt_send            0x00007acd   Thumb Code    90  ser_hal_transport.o(.text)
    app_mailbox_create                       0x00007b3d   Thumb Code    50  app_mailbox.o(.text)
    app_mailbox_put                          0x00007b6f   Thumb Code    84  app_mailbox.o(.text)
    app_mailbox_get                          0x00007bc3   Thumb Code    84  app_mailbox.o(.text)
    nrf_delay_ms                             0x00007c19   Thumb Code    24  nrf_delay.o(.text)
    ble_flash_block_write                    0x00007c8d   Thumb Code    36  ble_flash.o(.text)
    ble_flash_page_erase                     0x00007cb1   Thumb Code    22  ble_flash.o(.text)
    ser_app_hal_hw_init                      0x00007d11   Thumb Code    34  ser_app_hal_nrf51.o(.text)
    ser_app_hal_wait_for_event               0x00007d33   Thumb Code     4  ser_app_hal_nrf51.o(.text)
    ser_app_hal_delay                        0x00007d37   Thumb Code     8  ser_app_hal_nrf51.o(.text)
    ser_app_hal_nrf_reset_pin_clear          0x00007d3f   Thumb Code    10  ser_app_hal_nrf51.o(.text)
    ser_app_hal_nrf_reset_pin_set            0x00007d49   Thumb Code    10  ser_app_hal_nrf51.o(.text)
    ser_app_hal_nrf_evt_irq_enable           0x00007d53   Thumb Code    20  ser_app_hal_nrf51.o(.text)
    ser_app_hal_nrf_evt_pending              0x00007d67   Thumb Code    10  ser_app_hal_nrf51.o(.text)
    ser_app_hal_nrf_irq_enable               0x00007d71   Thumb Code    14  ser_app_hal_nrf51.o(.text)
    sd_nvic_ClearPendingIRQ                  0x00007d7f   Thumb Code    18  ser_app_hal_nrf51.o(.text)
    sd_nvic_DisableIRQ                       0x00007d91   Thumb Code    18  ser_app_hal_nrf51.o(.text)
    sd_nvic_SetPriority                      0x00007da3   Thumb Code    10  ser_app_hal_nrf51.o(.text)
    sd_nvic_critical_region_enter            0x00007dad   Thumb Code    22  ser_app_hal_nrf51.o(.text)
    sd_nvic_critical_region_exit             0x00007dc3   Thumb Code    20  ser_app_hal_nrf51.o(.text)
    pstorage_init                            0x00007dfd   Thumb Code    50  pstorage.o(.text)
    pstorage_register                        0x00007e2f   Thumb Code   190  pstorage.o(.text)
    pstorage_block_identifier_get            0x00007eed   Thumb Code    74  pstorage.o(.text)
    pstorage_store                           0x00007f37   Thumb Code   140  pstorage.o(.text)
    pstorage_update                          0x00007fc3   Thumb Code   382  pstorage.o(.text)
    pstorage_load                            0x00008141   Thumb Code   144  pstorage.o(.text)
    pstorage_clear                           0x000081d1   Thumb Code   132  pstorage.o(.text)
    pstorage_sys_event_handler               0x00008255   Thumb Code     2  pstorage.o(.text)
    pstorage_access_status_get               0x00008257   Thumb Code    12  pstorage.o(.text)
    GPIOTE_IRQHandler                        0x00008309   Thumb Code   176  app_gpiote_fast_detect.o(.text)
    SWI1_IRQHandler                          0x000083b9   Thumb Code   122  app_gpiote_fast_detect.o(.text)
    app_gpiote_enable_interrupts             0x00008467   Thumb Code    40  app_gpiote_fast_detect.o(.text)
    app_gpiote_init                          0x0000848f   Thumb Code    48  app_gpiote_fast_detect.o(.text)
    app_gpiote_user_register                 0x000084bf   Thumb Code    70  app_gpiote_fast_detect.o(.text)
    app_gpiote_input_event_handler_register  0x00008505   Thumb Code    84  app_gpiote_fast_detect.o(.text)
    app_gpiote_end_irq_event_handler_register 0x00008559   Thumb Code     8  app_gpiote_fast_detect.o(.text)
    app_gpiote_user_enable                   0x00008561   Thumb Code   130  app_gpiote_fast_detect.o(.text)
    app_gpiote_user_disable                  0x000085e3   Thumb Code    56  app_gpiote_fast_detect.o(.text)
    app_gpiote_pins_state_get                0x0000861b   Thumb Code    42  app_gpiote_fast_detect.o(.text)
    ser_app_power_system_off_set             0x00008671   Thumb Code     8  ser_app_power_system_off.o(.text)
    ser_app_power_system_off_get             0x00008679   Thumb Code     6  ser_app_power_system_off.o(.text)
    ser_app_power_system_off_enter           0x0000867f   Thumb Code     8  ser_app_power_system_off.o(.text)
    app_sched_init                           0x00008691   Thumb Code    40  app_scheduler.o(.text)
    app_sched_event_put                      0x000086b9   Thumb Code   126  app_scheduler.o(.text)
    app_sched_execute                        0x00008737   Thumb Code    30  app_scheduler.o(.text)
    PendSV_Handler                           0x000089c3   Thumb Code    78  ser_phy_nrf51_spi_master.o(.text)
    ser_phy_spi_master_ready                 0x00008a11   Thumb Code    28  ser_phy_nrf51_spi_master.o(.text)
    ser_phy_spi_master_request               0x00008a2d   Thumb Code    28  ser_phy_nrf51_spi_master.o(.text)
    ser_phy_spi_master_irq_end               0x00008a49   Thumb Code    28  ser_phy_nrf51_spi_master.o(.text)
    ser_phy_tx_pkt_send                      0x00008a81   Thumb Code    64  ser_phy_nrf51_spi_master.o(.text)
    ser_phy_rx_buf_set                       0x00008ac1   Thumb Code    46  ser_phy_nrf51_spi_master.o(.text)
    ser_phy_open                             0x00008aef   Thumb Code   236  ser_phy_nrf51_spi_master.o(.text)
    ser_phy_interrupts_enable                0x00008bdb   Thumb Code    10  ser_phy_nrf51_spi_master.o(.text)
    ser_phy_interrupts_disable               0x00008be5   Thumb Code    12  ser_phy_nrf51_spi_master.o(.text)
    SPI0_TWI0_IRQHandler                     0x00008ca7   Thumb Code    34  spi_master.o(.text)
    spi_master_open                          0x00008d4f   Thumb Code   280  spi_master.o(.text)
    spi_master_send_recv                     0x00008e67   Thumb Code   228  spi_master.o(.text)
    Reset_Handler                            0x000090ed   Thumb Code    26  arm_startup_nrf51.o(.text)
    NMI_Handler                              0x00009107   Thumb Code     2  arm_startup_nrf51.o(.text)
    HardFault_Handler                        0x00009109   Thumb Code     2  arm_startup_nrf51.o(.text)
    SVC_Handler                              0x0000910b   Thumb Code     2  arm_startup_nrf51.o(.text)
    SysTick_Handler                          0x0000910f   Thumb Code     2  arm_startup_nrf51.o(.text)
    ADC_IRQHandler                           0x00009111   Thumb Code     0  arm_startup_nrf51.o(.text)
    CCM_AAR_IRQHandler                       0x00009111   Thumb Code     0  arm_startup_nrf51.o(.text)
    ECB_IRQHandler                           0x00009111   Thumb Code     0  arm_startup_nrf51.o(.text)
    LPCOMP_IRQHandler                        0x00009111   Thumb Code     0  arm_startup_nrf51.o(.text)
    POWER_CLOCK_IRQHandler                   0x00009111   Thumb Code     0  arm_startup_nrf51.o(.text)
    QDEC_IRQHandler                          0x00009111   Thumb Code     0  arm_startup_nrf51.o(.text)
    RADIO_IRQHandler                         0x00009111   Thumb Code     0  arm_startup_nrf51.o(.text)
    RNG_IRQHandler                           0x00009111   Thumb Code     0  arm_startup_nrf51.o(.text)
    RTC0_IRQHandler                          0x00009111   Thumb Code     0  arm_startup_nrf51.o(.text)
    SPI1_TWI1_IRQHandler                     0x00009111   Thumb Code     0  arm_startup_nrf51.o(.text)
    SWI3_IRQHandler                          0x00009111   Thumb Code     0  arm_startup_nrf51.o(.text)
    SWI4_IRQHandler                          0x00009111   Thumb Code     0  arm_startup_nrf51.o(.text)
    SWI5_IRQHandler                          0x00009111   Thumb Code     0  arm_startup_nrf51.o(.text)
    TEMP_IRQHandler                          0x00009111   Thumb Code     0  arm_startup_nrf51.o(.text)
    TIMER0_IRQHandler                        0x00009111   Thumb Code     0  arm_startup_nrf51.o(.text)
    TIMER1_IRQHandler                        0x00009111   Thumb Code     0  arm_startup_nrf51.o(.text)
    TIMER2_IRQHandler                        0x00009111   Thumb Code     0  arm_startup_nrf51.o(.text)
    UART0_IRQHandler                         0x00009111   Thumb Code     0  arm_startup_nrf51.o(.text)
    WDT_IRQHandler                           0x00009111   Thumb Code     0  arm_startup_nrf51.o(.text)
    SystemInit                               0x00009125   Thumb Code    64  system_nrf51.o(.text)
    __aeabi_uidiv                            0x000091bd   Thumb Code     0  uidiv.o(.text)
    __aeabi_uidivmod                         0x000091bd   Thumb Code    44  uidiv.o(.text)
    __aeabi_memcpy                           0x000091e9   Thumb Code    36  memcpya.o(.text)
    __aeabi_memcpy4                          0x000091e9   Thumb Code     0  memcpya.o(.text)
    __aeabi_memcpy8                          0x000091e9   Thumb Code     0  memcpya.o(.text)
    __aeabi_memset                           0x0000920d   Thumb Code    14  memseta.o(.text)
    __aeabi_memset4                          0x0000920d   Thumb Code     0  memseta.o(.text)
    __aeabi_memset8                          0x0000920d   Thumb Code     0  memseta.o(.text)
    __aeabi_memclr                           0x0000921b   Thumb Code     4  memseta.o(.text)
    __aeabi_memclr4                          0x0000921b   Thumb Code     0  memseta.o(.text)
    __aeabi_memclr8                          0x0000921b   Thumb Code     0  memseta.o(.text)
    _memset$wrapper                          0x0000921f   Thumb Code    18  memseta.o(.text)
    strlen                                   0x00009231   Thumb Code    14  strlen.o(.text)
    memcmp                                   0x0000923f   Thumb Code    26  memcmp.o(.text)
    __aeabi_uread4                           0x00009259   Thumb Code    20  uread4.o(.text)
    __rt_uread4                              0x00009259   Thumb Code     0  uread4.o(.text)
    _uread4                                  0x00009259   Thumb Code     0  uread4.o(.text)
    __scatterload                            0x0000926d   Thumb Code    28  init.o(.text)
    __scatterload_rt2                        0x0000926d   Thumb Code     0  init.o(.text)
    __decompress                             0x00009291   Thumb Code     0  __dczerorl2.o(.text)
    __decompress1                            0x00009291   Thumb Code    86  __dczerorl2.o(.text)
    __ARM_common_switch8                     0x000092e7   Thumb Code    26  main.o(i.__ARM_common_switch8)
    __scatterload_copy                       0x00009301   Thumb Code    14  handlers.o(i.__scatterload_copy)
    __scatterload_null                       0x0000930f   Thumb Code     2  handlers.o(i.__scatterload_null)
    __scatterload_zeroinit                   0x00009311   Thumb Code    14  handlers.o(i.__scatterload_zeroinit)
    free                                     0x00009321   Thumb Code    80  malloc.o(i.free)
    malloc                                   0x00009375   Thumb Code    92  malloc.o(i.malloc)
    spi_master_evt_handler_reg               0x000093e1   Thumb Code    26  spi_master.o(i.spi_master_evt_handler_reg)
    m_service_context_store                  0x00009404   Data          16  device_manager_peripheral.o(.constdata)
    m_service_context_load                   0x00009414   Data          16  device_manager_peripheral.o(.constdata)
    m_service_context_apply                  0x00009424   Data          16  device_manager_peripheral.o(.constdata)
    os_mailQ_def_sd_ble_evt_mailbox          0x00009434   Data          12  ser_softdevice_handler.o(.constdata)
    Region$$Table$$Base                      0x00009778   Number         0  anon$$obj.o(Region$$Table)
    Region$$Table$$Limit                     0x00009798   Number         0  anon$$obj.o(Region$$Table)
    SystemCoreClock                          0x20000218   Data           4  system_nrf51.o(.data)
    __microlib_freelist                      0x2000021c   Data           4  mvars.o(.data)
    __microlib_freelist_initialised          0x20000220   Data           4  mvars.o(.data)
    os_mailQ_q_sd_ble_evt_mailbox            0x20000660   Data         412  ser_softdevice_handler.o(.bss)
    __heap_base                              0x20000c48   Data           0  arm_startup_nrf51.o(HEAP)
    __heap_limit                             0x20001448   Data           0  arm_startup_nrf51.o(HEAP)
    __initial_sp                             0x20001c48   Data           0  arm_startup_nrf51.o(STACK)



==============================================================================

Memory Map of the image

  Image Entry point : 0x000000c1

  Load Region LR_IROM1 (Base: 0x00000000, Size: 0x000099bc, Max: 0x00040000, ABSOLUTE, COMPRESSED[0x00009810])

    Execution Region ER_IROM1 (Base: 0x00000000, Size: 0x00009798, Max: 0x00040000, ABSOLUTE)

    Base Addr    Size         Type   Attr      Idx    E Section Name        Object

    0x00000000   0x000000c0   Data   RO         3589    RESET               arm_startup_nrf51.o
    0x000000c0   0x00000000   Code   RO         3626  * .ARM.Collect$$$$00000000  mc_p.l(entry.o)
    0x000000c0   0x00000004   Code   RO         3673    .ARM.Collect$$$$00000001  mc_p.l(entry2.o)
    0x000000c4   0x00000004   Code   RO         3676    .ARM.Collect$$$$00000004  mc_p.l(entry5.o)
    0x000000c8   0x00000000   Code   RO         3678    .ARM.Collect$$$$00000008  mc_p.l(entry7b.o)
    0x000000c8   0x00000000   Code   RO         3680    .ARM.Collect$$$$0000000A  mc_p.l(entry8b.o)
    0x000000c8   0x00000008   Code   RO         3681    .ARM.Collect$$$$0000000B  mc_p.l(entry9a.o)
    0x000000d0   0x00000000   Code   RO         3683    .ARM.Collect$$$$0000000D  mc_p.l(entry10a.o)
    0x000000d0   0x00000000   Code   RO         3685    .ARM.Collect$$$$0000000F  mc_p.l(entry11a.o)
    0x000000d0   0x00000004   Code   RO         3674    .ARM.Collect$$$$00002712  mc_p.l(entry2.o)
    0x000000d4   0x0000001e   Code   RO          364    .emb_text           app_timer.o
    0x000000f2   0x00000002   PAD
    0x000000f4   0x0000001e   Code   RO         3231    .emb_text           nrf_delay.o
    0x00000112   0x00000002   PAD
    0x00000114   0x00000b78   Code   RO            3    .text               main.o
    0x00000c8c   0x00000238   Code   RO          222    .text               ble_bas.o
    0x00000ec4   0x000002a8   Code   RO          267    .text               ble_dis.o
    0x0000116c   0x00000b02   Code   RO          323    .text               ble_hids.o
    0x00001c6e   0x00000002   PAD
    0x00001c70   0x0000047c   Code   RO          344    .text               ble_advdata.o
    0x000020ec   0x000007ec   Code   RO          365    .text               app_timer.o
    0x000028d8   0x000001f0   Code   RO          442    .text               app_button.o
    0x00002ac8   0x0000013c   Code   RO          482    .text               softdevice_handler.o
    0x00002c04   0x0000004e   Code   RO          550    .text               ble_sensorsim.o
    0x00002c52   0x00000002   PAD
    0x00002c54   0x00000a74   Code   RO          639    .text               device_manager_peripheral.o
    0x000036c8   0x000001b0   Code   RO          805    .text               ble_conn_params.o
    0x00003878   0x0000001e   Code   RO          892    .text               ble_srv_common.o
    0x00003896   0x00000002   PAD
    0x00003898   0x00000020   Code   RO          906    .text               app_util_platform.o
    0x000038b8   0x0000004c   Code   RO          926    .text               ble_enable.o
    0x00003904   0x0000020e   Code   RO          956    .text               ble_event.o
    0x00003b12   0x00000066   Code   RO          986    .text               ble_evt_tx_complete.o
    0x00003b78   0x0000008e   Code   RO          998    .text               ble_gap_address_get.o
    0x00003c06   0x0000005a   Code   RO         1013    .text               ble_gap_address_set.o
    0x00003c60   0x0000006a   Code   RO         1025    .text               ble_gap_adv_data_set.o
    0x00003cca   0x0000013c   Code   RO         1040    .text               ble_gap_adv_start.o
    0x00003e06   0x00000080   Code   RO         1073    .text               ble_gap_appearance_get.o
    0x00003e86   0x00000034   Code   RO         1085    .text               ble_gap_appearance_set.o
    0x00003eba   0x00000088   Code   RO         1133    .text               ble_gap_conn_param_update.o
    0x00003f42   0x000000b4   Code   RO         1166    .text               ble_gap_device_name_get.o
    0x00003ff6   0x0000008a   Code   RO         1178    .text               ble_gap_device_name_set.o
    0x00004080   0x00000038   Code   RO         1190    .text               ble_gap_disconnect.o
    0x000040b8   0x00000064   Code   RO         1202    .text               ble_gap_evt_auth_key_request.o
    0x0000411c   0x000001e0   Code   RO         1214    .text               ble_gap_evt_auth_status.o
    0x000042fc   0x0000008e   Code   RO         1226    .text               ble_gap_evt_conn_param_update.o
    0x0000438a   0x0000008c   Code   RO         1238    .text               ble_gap_evt_conn_sec_update.o
    0x00004416   0x000000cc   Code   RO         1250    .text               ble_gap_evt_connected.o
    0x000044e2   0x00000064   Code   RO         1262    .text               ble_gap_evt_disconnected.o
    0x00004546   0x0000006c   Code   RO         1274    .text               ble_gap_evt_passkey_display.o
    0x000045b2   0x00000064   Code   RO         1286    .text               ble_gap_evt_rssi_changed.o
    0x00004616   0x000000ce   Code   RO         1298    .text               ble_gap_evt_sec_info_request.o
    0x000046e4   0x000000ba   Code   RO         1310    .text               ble_gap_evt_sec_params_request.o
    0x0000479e   0x00000062   Code   RO         1322    .text               ble_gap_evt_timeout.o
    0x00004800   0x000000a4   Code   RO         1334    .text               ble_gap_ppcp_get.o
    0x000048a4   0x0000007c   Code   RO         1346    .text               ble_gap_ppcp_set.o
    0x00004920   0x0000009a   Code   RO         1394    .text               ble_gap_sec_info_reply.o
    0x000049ba   0x00000082   Code   RO         1406    .text               ble_gap_sec_params_reply.o
    0x00004a3c   0x000001a2   Code   RO         1517    .text               ble_gattc_evt_char_disc_rsp.o
    0x00004bde   0x000000a0   Code   RO         1529    .text               ble_gattc_evt_char_val_by_uuid_read_rsp.o
    0x00004c7e   0x0000007e   Code   RO         1544    .text               ble_gattc_evt_char_vals_read_rsp.o
    0x00004cfc   0x000000e8   Code   RO         1556    .text               ble_gattc_evt_desc_disc_rsp.o
    0x00004de4   0x000000cc   Code   RO         1568    .text               ble_gattc_evt_hvx.o
    0x00004eb0   0x000000f6   Code   RO         1580    .text               ble_gattc_evt_prim_srvc_disc_rsp.o
    0x00004fa6   0x000000cc   Code   RO         1592    .text               ble_gattc_evt_read_rsp.o
    0x00005072   0x00000090   Code   RO         1604    .text               ble_gattc_evt_rel_disc_rsp.o
    0x00005102   0x00000066   Code   RO         1616    .text               ble_gattc_evt_timeout.o
    0x00005168   0x000000da   Code   RO         1628    .text               ble_gattc_evt_write_rsp.o
    0x00005242   0x00000002   PAD
    0x00005244   0x000000e8   Code   RO         1735    .text               ble_gatts_characteristic_add.o
    0x0000532c   0x000000d0   Code   RO         1753    .text               ble_gatts_descriptor_add.o
    0x000053fc   0x00000064   Code   RO         1765    .text               ble_gatts_evt_hvc.o
    0x00005460   0x00000072   Code   RO         1777    .text               ble_gatts_evt_rw_authorize_request.o
    0x000054d2   0x00000050   Code   RO         1789    .text               ble_gatts_evt_sc_confirm.o
    0x00005522   0x00000064   Code   RO         1801    .text               ble_gatts_evt_sys_attr_missing.o
    0x00005586   0x00000064   Code   RO         1813    .text               ble_gatts_evt_timeout.o
    0x000055ea   0x0000006e   Code   RO         1825    .text               ble_gatts_evt_write.o
    0x00005658   0x0000013c   Code   RO         1837    .text               ble_gatts_hvx.o
    0x00005794   0x000000d4   Code   RO         1849    .text               ble_gatts_include_add.o
    0x00005868   0x000000be   Code   RO         1879    .text               ble_gatts_service_add.o
    0x00005926   0x00000106   Code   RO         1909    .text               ble_gatts_sys_attr_get.o
    0x00005a2c   0x0000006c   Code   RO         1921    .text               ble_gatts_sys_attr_set.o
    0x00005a98   0x000000ec   Code   RO         1933    .text               ble_gatts_value_get.o
    0x00005b84   0x000000e0   Code   RO         1945    .text               ble_gatts_value_set.o
    0x00005c64   0x00000072   Code   RO         1993    .text               ble_l2cap_evt_rx.o
    0x00005cd6   0x000000e4   Code   RO         2098    .text               ble_uuid_encode.o
    0x00005dba   0x00000022   Code   RO         2148    .text               power_system_off.o
    0x00005ddc   0x00000158   Code   RO         2201    .text               ble_gap_struct_serialization.o
    0x00005f34   0x000001b2   Code   RO         2377    .text               ble_gattc_struct_serialization.o
    0x000060e6   0x00000002   PAD
    0x000060e8   0x000005f4   Code   RO         2436    .text               ble_gatts_struct_serialization.o
    0x000066dc   0x00000144   Code   RO         2520    .text               ble_struct_serialization.o
    0x00006820   0x000002b4   Code   RO         2563    .text               ble_serialization.o
    0x00006ad4   0x00000090   Code   RO         2631    .text               cond_field_serialization.o
    0x00006b64   0x000000f0   Code   RO         2646    .text               app_mw_ble.o
    0x00006c54   0x00000588   Code   RO         2731    .text               app_mw_ble_gap.o
    0x000071dc   0x00000408   Code   RO         2940    .text               app_mw_ble_gatts.o
    0x000075e4   0x0000005c   Code   RO         3030    .text               app_mw_nrf_soc.o
    0x00007640   0x00000100   Code   RO         3067    .text               ser_softdevice_handler.o
    0x00007740   0x0000012c   Code   RO         3121    .text               ser_sd_transport.o
    0x0000786c   0x000002d0   Code   RO         3166    .text               ser_hal_transport.o
    0x00007b3c   0x000000da   Code   RO         3202    .text               app_mailbox.o
    0x00007c16   0x00000002   PAD
    0x00007c18   0x0000001c   Code   RO         3232    .text               nrf_delay.o
    0x00007c34   0x000000a0   Code   RO         3256    .text               ble_flash.o
    0x00007cd4   0x00000128   Code   RO         3314    .text               ser_app_hal_nrf51.o
    0x00007dfc   0x00000490   Code   RO         3372    .text               pstorage.o
    0x0000828c   0x000003e4   Code   RO         3401    .text               app_gpiote_fast_detect.o
    0x00008670   0x00000020   Code   RO         3448    .text               ser_app_power_system_off.o
    0x00008690   0x0000010c   Code   RO         3470    .text               app_scheduler.o
    0x0000879c   0x000004b8   Code   RO         3492    .text               ser_phy_nrf51_spi_master.o
    0x00008c54   0x00000498   Code   RO         3544    .text               spi_master.o
    0x000090ec   0x00000038   Code   RO         3590    .text               arm_startup_nrf51.o
    0x00009124   0x00000098   Code   RO         3597    .text               system_nrf51.o
    0x000091bc   0x0000002c   Code   RO         3629    .text               mc_p.l(uidiv.o)
    0x000091e8   0x00000024   Code   RO         3631    .text               mc_p.l(memcpya.o)
    0x0000920c   0x00000024   Code   RO         3633    .text               mc_p.l(memseta.o)
    0x00009230   0x0000000e   Code   RO         3637    .text               mc_p.l(strlen.o)
    0x0000923e   0x0000001a   Code   RO         3639    .text               mc_p.l(memcmp.o)
    0x00009258   0x00000014   Code   RO         3671    .text               mc_p.l(uread4.o)
    0x0000926c   0x00000024   Code   RO         3689    .text               mc_p.l(init.o)
    0x00009290   0x00000056   Code   RO         3699    .text               mc_p.l(__dczerorl2.o)
    0x000092e6   0x0000001a   Code   RO           23    i.__ARM_common_switch8  main.o
    0x00009300   0x0000000e   Code   RO         3693    i.__scatterload_copy  mc_p.l(handlers.o)
    0x0000930e   0x00000002   Code   RO         3694    i.__scatterload_null  mc_p.l(handlers.o)
    0x00009310   0x0000000e   Code   RO         3695    i.__scatterload_zeroinit  mc_p.l(handlers.o)
    0x0000931e   0x00000002   PAD
    0x00009320   0x00000054   Code   RO         3643    i.free              mc_p.l(malloc.o)
    0x00009374   0x0000006c   Code   RO         3644    i.malloc            mc_p.l(malloc.o)
    0x000093e0   0x00000020   Code   RO         3575    i.spi_master_evt_handler_reg  spi_master.o
    0x00009400   0x00000004   Data   RO            5    .constdata          main.o
    0x00009404   0x00000030   Data   RO          654    .constdata          device_manager_peripheral.o
    0x00009434   0x0000000c   Data   RO         3070    .constdata          ser_softdevice_handler.o
    0x00009440   0x0000001c   Data   RO         3495    .constdata          ser_phy_nrf51_spi_master.o
    0x0000945c   0x00000004   Data   RO         3547    .constdata          spi_master.o
    0x00009460   0x00000045   Data   RO          656    .conststring        device_manager_peripheral.o
    0x000094a5   0x00000003   PAD
    0x000094a8   0x00000054   Data   RO         2660    .conststring        app_mw_ble.o
    0x000094fc   0x00000058   Data   RO         2746    .conststring        app_mw_ble_gap.o
    0x00009554   0x0000005a   Data   RO         2946    .conststring        app_mw_ble_gatts.o
    0x000095ae   0x00000002   PAD
    0x000095b0   0x00000058   Data   RO         3033    .conststring        app_mw_nrf_soc.o
    0x00009608   0x00000053   Data   RO         3071    .conststring        ser_softdevice_handler.o
    0x0000965b   0x00000001   PAD
    0x0000965c   0x0000004d   Data   RO         3125    .conststring        ser_sd_transport.o
    0x000096a9   0x00000003   PAD
    0x000096ac   0x00000049   Data   RO         3169    .conststring        ser_hal_transport.o
    0x000096f5   0x00000003   PAD
    0x000096f8   0x0000004f   Data   RO         3496    .conststring        ser_phy_nrf51_spi_master.o
    0x00009747   0x00000001   PAD
    0x00009748   0x0000002e   Data   RO         3548    .conststring        spi_master.o
    0x00009776   0x00000002   PAD
    0x00009778   0x00000020   Data   RO         3691    Region$$Table       anon$$obj.o


    Execution Region RW_IRAM1 (Base: 0x20000000, Size: 0x00001c48, Max: 0x00008000, ABSOLUTE, COMPRESSED[0x00000078])

    Base Addr    Size         Type   Attr      Idx    E Section Name        Object

    0x20000000   0x000000a0   Data   RW            6    .data               main.o
    0x200000a0   0x0000004a   Data   RW          268    .data               ble_dis.o
    0x200000ea   0x00000002   PAD
    0x200000ec   0x00000024   Data   RW          369    .data               app_timer.o
    0x20000110   0x0000001c   Data   RW          443    .data               app_button.o
    0x2000012c   0x00000014   Data   RW          484    .data               softdevice_handler.o
    0x20000140   0x00000018   Data   RW          657    .data               device_manager_peripheral.o
    0x20000158   0x00000018   Data   RW          809    .data               ble_conn_params.o
    0x20000170   0x00000004   Data   RW          907    .data               app_util_platform.o
    0x20000174   0x0000000c   Data   RW         2661    .data               app_mw_ble.o
    0x20000180   0x0000000c   Data   RW         2747    .data               app_mw_ble_gap.o
    0x2000018c   0x00000004   Data   RW         3072    .data               ser_softdevice_handler.o
    0x20000190   0x00000020   Data   RW         3126    .data               ser_sd_transport.o
    0x200001b0   0x00000008   Data   RW         3170    .data               ser_hal_transport.o
    0x200001b8   0x00000001   Data   RW         3262    .data               ble_flash.o
    0x200001b9   0x00000003   PAD
    0x200001bc   0x00000004   Data   RW         3318    .data               ser_app_hal_nrf51.o
    0x200001c0   0x0000000c   Data   RW         3374    .data               pstorage.o
    0x200001cc   0x00000010   Data   RW         3406    .data               app_gpiote_fast_detect.o
    0x200001dc   0x00000001   Data   RW         3449    .data               ser_app_power_system_off.o
    0x200001dd   0x00000003   PAD
    0x200001e0   0x00000010   Data   RW         3471    .data               app_scheduler.o
    0x200001f0   0x00000028   Data   RW         3497    .data               ser_phy_nrf51_spi_master.o
    0x20000218   0x00000004   Data   RW         3598    .data               system_nrf51.o
    0x2000021c   0x00000004   Data   RW         3687    .data               mc_p.l(mvars.o)
    0x20000220   0x00000004   Data   RW         3688    .data               mc_p.l(mvars.o)
    0x20000224   0x000002f4   Zero   RW            4    .bss                main.o
    0x20000518   0x00000114   Zero   RW          653    .bss                device_manager_peripheral.o
    0x2000062c   0x0000001c   Zero   RW          808    .bss                ble_conn_params.o
    0x20000648   0x0000000c   Zero   RW         2659    .bss                app_mw_ble.o
    0x20000654   0x0000000c   Zero   RW         2945    .bss                app_mw_ble_gatts.o
    0x20000660   0x0000019c   Zero   RW         3069    .bss                ser_softdevice_handler.o
    0x200007fc   0x00000300   Zero   RW         3168    .bss                ser_hal_transport.o
    0x20000afc   0x00000010   Zero   RW         3373    .bss                pstorage.o
    0x20000b0c   0x00000010   Zero   RW         3405    .bss                app_gpiote_fast_detect.o
    0x20000b1c   0x000000ff   Zero   RW         3494    .bss                ser_phy_nrf51_spi_master.o
    0x20000c1b   0x00000001   PAD
    0x20000c1c   0x00000028   Zero   RW         3546    .bss                spi_master.o
    0x20000c44   0x00000004   PAD
    0x20000c48   0x00000800   Zero   RW         3588    HEAP                arm_startup_nrf51.o
    0x20001448   0x00000800   Zero   RW         3587    STACK               arm_startup_nrf51.o


==============================================================================

Image component sizes


      Code (inc. data)   RO Data    RW Data    ZI Data      Debug   Object Name

       496         64          0         28          0      10312   app_button.o
       996         44          0         16         16       8045   app_gpiote_fast_detect.o
       218          0          0          0          0       3417   app_mailbox.o
       240         22         84         12         12       3611   app_mw_ble.o
      1416         78         88         12          0      12580   app_mw_ble_gap.o
      1032         48         90          0         12       9223   app_mw_ble_gatts.o
        92          4         88          0          0       1934   app_mw_nrf_soc.o
       268         10          0         16          0       3607   app_scheduler.o
      2058        176          0         36          0      41475   app_timer.o
        32          6          0          4          0        929   app_util_platform.o
        56         18        192          0       4096        664   arm_startup_nrf51.o
      1148          4          0          0          0       8506   ble_advdata.o
       568         18          0          0          0      36787   ble_bas.o
       432         16          0         24         28       4626   ble_conn_params.o
       680         64          0         74          0      29783   ble_dis.o
        76          4          0          0          0       2000   ble_enable.o
       526         10          0          0          0       2232   ble_event.o
       102          0          0          0          0       1718   ble_evt_tx_complete.o
       160         14          0          1          0       2361   ble_flash.o
       142          0          0          0          0       2218   ble_gap_address_get.o
        90          0          0          0          0       2046   ble_gap_address_set.o
       106          0          0          0          0       2068   ble_gap_adv_data_set.o
       316          0          0          0          0       4306   ble_gap_adv_start.o
       128          0          0          0          0       2144   ble_gap_appearance_get.o
        52          0          0          0          0       2048   ble_gap_appearance_set.o
       136          0          0          0          0       2178   ble_gap_conn_param_update.o
       180          0          0          0          0       2534   ble_gap_device_name_get.o
       138          0          0          0          0       2246   ble_gap_device_name_set.o
        56          0          0          0          0       2040   ble_gap_disconnect.o
       100          0          0          0          0       1835   ble_gap_evt_auth_key_request.o
       480          0          0          0          0       1970   ble_gap_evt_auth_status.o
       142          0          0          0          0       1852   ble_gap_evt_conn_param_update.o
       140          0          0          0          0       1834   ble_gap_evt_conn_sec_update.o
       204          0          0          0          0       1896   ble_gap_evt_connected.o
       100          0          0          0          0       1811   ble_gap_evt_disconnected.o
       108          0          0          0          0       1950   ble_gap_evt_passkey_display.o
       100          0          0          0          0       1811   ble_gap_evt_rssi_changed.o
       206          0          0          0          0       1903   ble_gap_evt_sec_info_request.o
       186          0          0          0          0       1897   ble_gap_evt_sec_params_request.o
        98          0          0          0          0       1718   ble_gap_evt_timeout.o
       164          0          0          0          0       2156   ble_gap_ppcp_get.o
       124          0          0          0          0       2164   ble_gap_ppcp_set.o
       154          0          0          0          0       2392   ble_gap_sec_info_reply.o
       130          0          0          0          0       2300   ble_gap_sec_params_reply.o
       344          8          0          0          0       5124   ble_gap_struct_serialization.o
       418          0          0          0          0       2334   ble_gattc_evt_char_disc_rsp.o
       160          0          0          0          0       2246   ble_gattc_evt_char_val_by_uuid_read_rsp.o
       126          0          0          0          0       2039   ble_gattc_evt_char_vals_read_rsp.o
       232          0          0          0          0       2134   ble_gattc_evt_desc_disc_rsp.o
       204          0          0          0          0       2000   ble_gattc_evt_hvx.o
       246          0          0          0          0       2187   ble_gattc_evt_prim_srvc_disc_rsp.o
       204          0          0          0          0       2025   ble_gattc_evt_read_rsp.o
       144          0          0          0          0       1945   ble_gattc_evt_rel_disc_rsp.o
       102          0          0          0          0       1792   ble_gattc_evt_timeout.o
       218          0          0          0          0       2038   ble_gattc_evt_write_rsp.o
       434          0          0          0          0       4993   ble_gattc_struct_serialization.o
       232         14          0          0          0       2652   ble_gatts_characteristic_add.o
       208          4          0          0          0       2584   ble_gatts_descriptor_add.o
       100          0          0          0          0       1772   ble_gatts_evt_hvc.o
       114          0          0          0          0       2085   ble_gatts_evt_rw_authorize_request.o
        80          0          0          0          0       1751   ble_gatts_evt_sc_confirm.o
       100          0          0          0          0       1849   ble_gatts_evt_sys_attr_missing.o
       100          0          0          0          0       1796   ble_gatts_evt_timeout.o
       110          0          0          0          0       2034   ble_gatts_evt_write.o
       316          4          0          0          0       2678   ble_gatts_hvx.o
       212          0          0          0          0       2422   ble_gatts_include_add.o
       190          0          0          0          0       2582   ble_gatts_service_add.o
      1524         12          0          0          0       9739   ble_gatts_struct_serialization.o
       262          0          0          0          0       2860   ble_gatts_sys_attr_get.o
       108          0          0          0          0       2372   ble_gatts_sys_attr_set.o
       236          6          0          0          0       2978   ble_gatts_value_get.o
       224          0          0          0          0       2746   ble_gatts_value_set.o
      2818         20          0          0          0      17078   ble_hids.o
       114          0          0          0          0       1899   ble_l2cap_evt_rx.o
        78          0          0          0          0       1823   ble_sensorsim.o
       692          0          0          0          0       9258   ble_serialization.o
        30          0          0          0          0       1570   ble_srv_common.o
       324          0          0          0          0       9044   ble_struct_serialization.o
       228          0          0          0          0       2594   ble_uuid_encode.o
       144          0          0          0          0       2920   cond_field_serialization.o
      2676         92        117         24        276      20927   device_manager_peripheral.o
      2962        186          4        160        756      76823   main.o
        58          4          0          0          0       1427   nrf_delay.o
        34          0          0          0          0       1411   power_system_off.o
      1168         20          0         12         16      10270   pstorage.o
       296         38          0          4          0      13845   ser_app_hal_nrf51.o
        32         10          0          1          0       1187   ser_app_power_system_off.o
       720         32         73          8        768       7554   ser_hal_transport.o
      1208         68        107         40        255      19741   ser_phy_nrf51_spi_master.o
       300         14         77         32          0       6089   ser_sd_transport.o
       256         20         95          4        412       7307   ser_softdevice_handler.o
       316         66          0         20          0      41010   softdevice_handler.o
      1208        132         50          0         40       9173   spi_master.o
       152         22          0          4          0       1563   system_nrf51.o

    ----------------------------------------------------------------------
     37154       1372       1112        540       6692     577397   Object Totals
         0          0         32          0          0          0   (incl. Generated)
        16          0         15          8          5          0   (incl. Padding)

    ----------------------------------------------------------------------

      Code (inc. data)   RO Data    RW Data    ZI Data      Debug   Library Member Name

        86          0          0          0          0          0   __dczerorl2.o
         0          0          0          0          0          0   entry.o
         0          0          0          0          0          0   entry10a.o
         0          0          0          0          0          0   entry11a.o
         8          4          0          0          0          0   entry2.o
         4          0          0          0          0          0   entry5.o
         0          0          0          0          0          0   entry7b.o
         0          0          0          0          0          0   entry8b.o
         8          4          0          0          0          0   entry9a.o
        30          0          0          0          0          0   handlers.o
        36          8          0          0          0         68   init.o
       192         20          0          0          0        144   malloc.o
        26          0          0          0          0         72   memcmp.o
        36          0          0          0          0         60   memcpya.o
        36          0          0          0          0        100   memseta.o
         0          0          0          8          0          0   mvars.o
        14          0          0          0          0         60   strlen.o
        44          0          0          0          0         72   uidiv.o
        20          0          0          0          0         60   uread4.o

    ----------------------------------------------------------------------
       542         36          0          8          0        636   Library Totals
         2          0          0          0          0          0   (incl. Padding)

    ----------------------------------------------------------------------

      Code (inc. data)   RO Data    RW Data    ZI Data      Debug   Library Name

       540         36          0          8          0        636   mc_p.l

    ----------------------------------------------------------------------
       542         36          0          8          0        636   Library Totals

    ----------------------------------------------------------------------

==============================================================================


      Code (inc. data)   RO Data    RW Data    ZI Data      Debug   

     37696       1408       1112        548       6692     572257   Grand Totals
     37696       1408       1112        120       6692     572257   ELF Image Totals (compressed)
     37696       1408       1112        120          0          0   ROM Totals

==============================================================================

    Total RO  Size (Code + RO Data)                38808 (  37.90kB)
    Total RW  Size (RW Data + ZI Data)              7240 (   7.07kB)
    Total ROM Size (Code + RO Data + RW Data)      38928 (  38.02kB)

==============================================================================

