<html>
<body>
<pre>
<h1>µVision Build Log</h1>
<h2>Project:</h2>
C:\Keil4Backup\ARM\Device\Nordic\nrf51822\Board\nrf6310\s110\ble_app_hids_keyboard_sdk\arm\ble_app_hids_keyboard.uvproj
Project File Date:  04/27/2016

<h2>Output:</h2>
Rebuild target 'nrf51822_xxaa_s110 (256K)'
assembling arm_startup_nrf51.s...
compiling system_nrf51.c...
compiling main.c...
..\main.c(140): warning:  #550-D: variable "isRandomGen" was set but never used
..\main.c(171): warning:  #177-D: variable "myPtr" was declared but never referenced
..\main.c(248): warning:  #550-D: variable "_adcValue" was set but never used
..\main.c(249): warning:  #550-D: variable "adcComplete" was set but never used
compiling nrf_delay.c...
compiling ble_bas.c...
compiling ble_dis.c...
compiling ble_hids.c...
compiling ble_srv_common.c...
compiling ble_advdata.c...
compiling ble_error_log.c...
compiling app_scheduler.c...
compiling app_timer.c...
compiling softdevice_handler.c...
compiling pstorage.c...
compiling crc16.c...
compiling app_button.c...
compiling ble_conn_params.c...
compiling app_gpiote.c...
compiling device_manager_peripheral.c...
compiling ble_flash.c...
compiling ble_nus.c...
compiling HidoverGATT_Config.c...
compiling myUART_HID.c...
compiling dynamic_keyboard.c...
compiling myUTILITY.c...
linking...
.\_build\ble_app_hids_keyboard.axf: Error: L6218E: Undefined symbol uniformDISTRIBUTION (referred from dynamic_keyboard.o).
Target not created
Rebuild target 'nrf51822_xxaa_s110 (256K)'
assembling arm_startup_nrf51.s...
compiling system_nrf51.c...
compiling main.c...
..\main.c(140): warning:  #550-D: variable "isRandomGen" was set but never used
..\main.c(171): warning:  #177-D: variable "myPtr" was declared but never referenced
..\main.c(248): warning:  #550-D: variable "_adcValue" was set but never used
..\main.c(249): warning:  #550-D: variable "adcComplete" was set but never used
compiling nrf_delay.c...
compiling ble_bas.c...
compiling ble_dis.c...
compiling ble_hids.c...
compiling ble_srv_common.c...
compiling ble_advdata.c...
compiling ble_error_log.c...
compiling app_scheduler.c...
compiling app_timer.c...
compiling softdevice_handler.c...
compiling pstorage.c...
compiling crc16.c...
compiling app_button.c...
compiling ble_conn_params.c...
compiling app_gpiote.c...
compiling device_manager_peripheral.c...
compiling ble_flash.c...
compiling ble_nus.c...
compiling HidoverGATT_Config.c...
compiling myUART_HID.c...
compiling dynamic_keyboard.c...
compiling myUTILITY.c...
linking...
Program Size: Code=33496 RO-data=496 RW-data=588 ZI-data=7212  
FromELF: creating hex file...
".\_build\ble_app_hids_keyboard.axf" - 0 Error(s), 4 Warning(s).
Rebuild target 'nrf51822_xxaa_s110 (256K)'
assembling arm_startup_nrf51.s...
compiling system_nrf51.c...
compiling main.c...
..\main.c(140): warning:  #550-D: variable "isRandomGen" was set but never used
..\main.c(171): warning:  #177-D: variable "myPtr" was declared but never referenced
..\main.c(248): warning:  #550-D: variable "_adcValue" was set but never used
..\main.c(249): warning:  #550-D: variable "adcComplete" was set but never used
compiling nrf_delay.c...
compiling ble_bas.c...
compiling ble_dis.c...
compiling ble_hids.c...
compiling ble_srv_common.c...
compiling ble_advdata.c...
compiling ble_error_log.c...
compiling app_scheduler.c...
compiling app_timer.c...
compiling softdevice_handler.c...
compiling pstorage.c...
compiling crc16.c...
compiling app_button.c...
compiling ble_conn_params.c...
compiling app_gpiote.c...
compiling device_manager_peripheral.c...
compiling ble_flash.c...
compiling ble_nus.c...
compiling HidoverGATT_Config.c...
compiling myUART_HID.c...
compiling dynamic_keyboard.c...
compiling myUTILITY.c...
linking...
Program Size: Code=33496 RO-data=496 RW-data=588 ZI-data=7212  
FromELF: creating hex file...
".\_build\ble_app_hids_keyboard.axf" - 0 Error(s), 4 Warning(s).
Rebuild target 'nrf51822_xxaa_s110 (256K)'
assembling arm_startup_nrf51.s...
compiling system_nrf51.c...
compiling main.c...
..\main.c(140): warning:  #550-D: variable "isRandomGen" was set but never used
..\main.c(171): warning:  #177-D: variable "myPtr" was declared but never referenced
..\main.c(248): warning:  #550-D: variable "_adcValue" was set but never used
..\main.c(249): warning:  #550-D: variable "adcComplete" was set but never used
compiling nrf_delay.c...
compiling ble_bas.c...
compiling ble_dis.c...
compiling ble_hids.c...
compiling ble_srv_common.c...
compiling ble_advdata.c...
compiling ble_error_log.c...
compiling app_scheduler.c...
compiling app_timer.c...
compiling softdevice_handler.c...
compiling pstorage.c...
compiling crc16.c...
compiling app_button.c...
compiling ble_conn_params.c...
compiling app_gpiote.c...
compiling device_manager_peripheral.c...
compiling ble_flash.c...
compiling ble_nus.c...
compiling HidoverGATT_Config.c...
compiling myUART_HID.c...
compiling dynamic_keyboard.c...
compiling myUTILITY.c...
linking...
Program Size: Code=33496 RO-data=496 RW-data=588 ZI-data=7212  
FromELF: creating hex file...
".\_build\ble_app_hids_keyboard.axf" - 0 Error(s), 4 Warning(s).
Load "C:\\Keil4Backup\\ARM\\Device\\Nordic\\nrf51822\\Board\\nrf6310\\s110\\ble_app_hids_keyboard_sdk\\arm\\_build\\ble_app_hids_keyboard.AXF" 
Set JLink Project File to "C:\Keil4Backup\ARM\Device\Nordic\nrf51822\Board\nrf6310\s110\ble_app_hids_keyboard_sdk\arm\JLinkSettings.ini"
* JLink Info: Device "NRF51422_XXAC" selected.
 
JLink info:
------------
DLL: V5.10d, compiled Dec  9 2015 12:49:14
Firmware: J-Link OB-SAM3U128-V2-NordicSemi compiled Aug 28 2015 19:26:24
Hardware: V1.00
S/N : 681025368 
 
* JLink Info: Found SWD-DP with ID 0x0BB11477
* JLink Info: Found Cortex-M0 r0p0, Little endian.
* JLink Info: FPUnit: 4 code (BP) slots and 0 literal slots
* JLink Info: CoreSight components:
* JLink Info: ROMTbl 0 @ F0000000
* JLink Info: ROMTbl 0 [0]: F00FF000, CID: B105100D, PID: 000BB471 ROM Table
* JLink Info: ROMTbl 1 @ E00FF000
* JLink Info: ROMTbl 1 [0]: FFF0F000, CID: B105E00D, PID: 000BB008 SCS
* JLink Info: ROMTbl 1 [1]: FFF02000, CID: B105E00D, PID: 000BB00A DWT
* JLink Info: ROMTbl 1 [2]: FFF03000, CID: B105E00D, PID: 000BB00B FPB
* JLink Info: ROMTbl 0 [1]: 00002000, CID: B105900D, PID: 000BB9A3 ???
ROMTableAddr = 0xE00FF003
 
Target info:
------------
Device: nRF51422_xxAC
VTarget = 3.300V
State of Pins: 
TCK: 0, TDI: 1, TDO: 1, TMS: 1, TRES: 1, TRST: 1
Hardware-Breakpoints: 4
Software-Breakpoints: 8192
Watchpoints:          2
JTAG speed: 500 kHz
 
Erase Done.
Programming Done.
Verify OK.
Application running ...
Rebuild target 'nrf51822_xxaa_s110 (256K)'
assembling arm_startup_nrf51.s...
compiling system_nrf51.c...
compiling main.c...
..\main.c(140): warning:  #550-D: variable "isRandomGen" was set but never used
..\main.c(171): warning:  #177-D: variable "myPtr" was declared but never referenced
..\main.c(248): warning:  #550-D: variable "_adcValue" was set but never used
..\main.c(249): warning:  #550-D: variable "adcComplete" was set but never used
compiling nrf_delay.c...
compiling ble_bas.c...
compiling ble_dis.c...
compiling ble_hids.c...
compiling ble_srv_common.c...
compiling ble_advdata.c...
compiling ble_error_log.c...
compiling app_scheduler.c...
compiling app_timer.c...
compiling softdevice_handler.c...
compiling pstorage.c...
compiling crc16.c...
compiling app_button.c...
compiling ble_conn_params.c...
compiling app_gpiote.c...
compiling device_manager_peripheral.c...
compiling ble_flash.c...
compiling ble_nus.c...
compiling HidoverGATT_Config.c...
compiling myUART_HID.c...
compiling dynamic_keyboard.c...
compiling myUTILITY.c...
linking...
Program Size: Code=33476 RO-data=496 RW-data=588 ZI-data=7212  
FromELF: creating hex file...
".\_build\ble_app_hids_keyboard.axf" - 0 Error(s), 4 Warning(s).
Clean started: Project: 'ble_app_hids_keyboard'
   deleting intermediate output files for target 'nrf51822_xxaa_s110 (256K)'
   deleting intermediate output files for target 'nrf51822_xxab_s110 (128K)'
Clean started: Project: 'ble_app_hids_keyboard'
   deleting intermediate output files for target 'nrf51822_xxaa_s110 (256K)'
   deleting intermediate output files for target 'nrf51822_xxab_s110 (128K)'
