<html>
<body>
<pre>
<h1>µVision Build Log</h1>
<h2>Tool Versions:</h2>
IDE-Version: £gVision V5.16a
Copyright (C) 2015 ARM Ltd and ARM Germany GmbH. All rights reserved.
License Information: PC Hsieh, Tytt, LIC=R4HY8-326PD-JPRZQ-NFAGX-TJ5C6-2T6QC
 
Tool Versions:
Toolchain:       MDK-ARM Professional  Version: 5.16a
Toolchain Path:  C:\Keil_v5\ARM\ARMCC\Bin
C Compiler:      Armcc.exe V5.06 (build 20)
Assembler:       Armasm.exe V5.06 (build 20)
Linker/Locator:  ArmLink.exe V5.06 (build 20)
Library Manager: ArmAr.exe V5.06 (build 20)
Hex Converter:   FromElf.exe V5.06 (build 20)
CPU DLL:         SARMCM3.DLL V5.16a
Dialog DLL:      DARMCM1.DLL V1.12.0.0
Target DLL:      Segger\JL2CM3.dll V2.99.15.2
Dialog DLL:      TARMCM1.DLL V1.9.0.0
 
<h2>Project:</h2>
C:\Keil_v4\ARM\Device\Nordic\nrf51822\Board\nrf6310\s110\ble_app_hids_keyboard\arm\ble_app_hids_keyboard.uvprojx
Project File Date:  11/05/2015

<h2>Output:</h2>
*** Using Compiler 'V5.06 (build 20)', folder: 'C:\Keil_v5\ARM\ARMCC\Bin'
Rebuild target 'nrf51822_xxaa_s110 (256K)'
creating preprocessor file for main.c...
creating preprocessor file for ble_hids.c...
creating preprocessor file for ble_bas.c...
compiling ble_hids.c...
compiling ble_bas.c...
creating preprocessor file for ble_dis.c...
creating preprocessor file for ble_srv_common.c...
compiling ble_dis.c...
compiling main.c...
compiling ble_srv_common.c...
creating preprocessor file for ble_error_log.c...
creating preprocessor file for ble_advdata.c...
creating preprocessor file for ble_sensorsim.c...
compiling ble_advdata.c...
compiling ble_error_log.c...
compiling ble_sensorsim.c...
creating preprocessor file for app_scheduler.c...
creating preprocessor file for app_timer.c...
creating preprocessor file for softdevice_handler.c...
compiling app_scheduler.c...
creating preprocessor file for pstorage.c...
compiling softdevice_handler.c...
compiling app_timer.c...
creating preprocessor file for crc16.c...
compiling pstorage.c...
creating preprocessor file for app_button.c...
compiling crc16.c...
creating preprocessor file for ble_conn_params.c...
creating preprocessor file for app_gpiote.c...
compiling ble_conn_params.c...
compiling app_button.c...
creating preprocessor file for ble_debug_assert_handler.c...
creating preprocessor file for simple_uart.c...
compiling ble_debug_assert_handler.c...
compiling app_gpiote.c...
creating preprocessor file for app_trace.c...
creating preprocessor file for device_manager_peripheral.c...
compiling simple_uart.c...
assembling arm_startup_nrf51.s...
compiling app_trace.c...
creating preprocessor file for system_nrf51.c...
compiling device_manager_peripheral.c...
compiling system_nrf51.c...
linking...
Program Size: Code=29192 RO-data=352 RW-data=424 ZI-data=6088  
FromELF: creating hex file...
".\_build\ble_app_hids_keyboard.axf" - 0 Error(s), 0 Warning(s).

<h2>Software Packages used:</h2>

Package Vendor: ARM
                http://www.keil.com/pack/ARM.CMSIS.4.4.0.pack
                ARM::CMSIS:CORE:4.2.0
                CMSIS (Cortex Microcontroller Software Interface Standard)
   * Component: CORE Version: 4.2.0

Package Vendor: NordicSemiconductor
                http://developer.nordicsemi.com/nRF51_SDK/pieces/nRF_DeviceFamilyPack/NordicSemiconductor.nRF_DeviceFamilyPack.8.0.3.pack
                NordicSemiconductor::Device:Startup:8.0.3
                Nordic Semiconductor nRF ARM devices Device Family Pack.
   * Component: Startup Version: 8.0.3

<h2>Collection of Component include folders:</h2>
  C:\Keil_v4\ARM\Device\Nordic\nrf51822\Board\nrf6310\s110\ble_app_hids_keyboard\arm\RTE
  C:\Keil_v5\ARM\PACK\ARM\CMSIS\4.4.0\CMSIS\Include
  C:\Keil_v5\ARM\PACK\NordicSemiconductor\nRF_DeviceFamilyPack\8.0.3\Device\Include

<h2>Collection of Component Files used:</h2>

   * Component: ARM::CMSIS:CORE:4.2.0

   * Component: NordicSemiconductor::Device:Startup:8.0.3
      Source file:   Device\Source\arm\arm_startup_nrf51.s
      Source file:   Device\Source\system_nrf51.c
      Include file:  Device\Include\system_nrf51.h
Build Time Elapsed:  00:00:04
</pre>
</body>
</html>
